main.c:94:5:main	72	static
main.c:214:6:SystemClock_Config	80	static
main.c:256:13:MX_DAC_Init	16	static
main.c:294:13:MX_SPI1_Init	8	static
main.c:332:13:MX_SPI2_Init	8	static
main.c:370:13:MX_SPI3_Init	8	static
main.c:408:13:MX_TIM2_Init	32	static
main.c:453:13:MX_TIM3_Init	32	static
main.c:498:13:MX_TIM4_Init	32	static
main.c:543:13:MX_TIM5_Init	32	static
main.c:588:13:MX_USART1_UART_Init	8	static
main.c:619:13:MX_DMA_Init	16	static
main.c:637:13:MX_GPIO_Init	56	static
main.c:716:6:HAL_TIM_PeriodElapsedCallback	16	static
main.c:731:6:HAL_GPIO_EXTI_Callback	16	static
main.c:748:6:Error_Handler	4	static,ignoring_inline_asm
