main.c:89:5:main	8	static
main.c:202:6:SystemClock_Config	80	static
main.c:244:13:MX_DAC_Init	16	static
main.c:282:13:MX_SPI1_Init	8	static
main.c:320:13:MX_SPI2_Init	8	static
main.c:358:13:MX_SPI3_Init	8	static
main.c:396:13:MX_TIM3_Init	32	static
main.c:441:13:MX_TIM4_Init	32	static
main.c:486:13:MX_USART1_UART_Init	8	static
main.c:517:13:MX_DMA_Init	16	static
main.c:535:13:MX_GPIO_Init	56	static
main.c:602:6:HAL_TIM_PeriodElapsedCallback	16	static
main.c:615:6:Error_Handler	4	static,ignoring_inline_asm
