pathfinder.c:33:6:CalculateTeamsLegalMoves	160	static
pathfinder.c:68:9:IsLegalMove	96	static
pathfinder.c:93:6:CalculateAllLegalPathsAndChecks	24	static
pathfinder.c:102:13:CalculateAllLegalPathsNoChecks	24	static
pathfinder.c:110:13:CalculateAllLegalPaths	88	static
pathfinder.c:157:13:CalculateAllPaths	24	static
pathfinder.c:186:13:CalculateAllPathsPawn	40	static
pathfinder.c:213:13:CalculateAllPathsRook	40	static
pathfinder.c:234:13:CalculateAllPathsBishop	48	static
pathfinder.c:272:13:CalculateAllPathsKnight	64	static
pathfinder.c:294:13:CalculateAllPathsQueen	88	static
pathfinder.c:319:13:CalculateAllPathsKing	32	static
pathfinder.c:342:16:IsPieceBlockingStraight	24	static
pathfinder.c:375:9:WillResultInSelfCheck	152	static
pathfinder.c:416:6:GetPiecesForTeam	32	static
pathfinder.c:433:16:IsPieceBlockingDiagonal	24	static
pathfinder.c:469:6:CalculateCastlingPositions	24	static
pathfinder.c:502:23:IsValidCoordinate	16	static
pathfinder.c:507:23:IsPieceMovingStraight	16	static
pathfinder.c:512:23:IsPieceMovingDiagonal	16	static
pathfinder.c:517:23:IsPieceCoordinateSameTeam	16	static
