tracker.c:102:6:InitTracker	24	static
tracker.c:148:13:WriteColumn	24	static
tracker.c:159:16:ReadRow	24	static
tracker.c:165:9:Track	16	static
tracker.c:205:13:AppendHistory	32	static
tracker.c:215:16:IsHistoryConsensus	24	static
tracker.c:229:13:HandlePlace	16	static
tracker.c:270:13:HandlePlaceIllegalState	24	static
tracker.c:294:13:HandlePlaceNoMove	16	static
tracker.c:302:13:HandlePlaceKill	24	static
tracker.c:350:13:HandlePlaceCastling	16	static
tracker.c:391:13:HandlePlaceMove	24	static
tracker.c:434:13:HandlePlacePreemptPromotion	16	static
tracker.c:442:13:HandlePlacePromotion	24	static
tracker.c:478:13:HandlePickup	16	static
tracker.c:522:13:HandlePickupIllegalState	24	static
tracker.c:546:13:HandlePickupPreemptKill	16	static
tracker.c:551:13:HandlePickupKill	16	static
tracker.c:571:13:HandlePickupCastling	40	static
tracker.c:618:13:HandlePickupPromotion	16	static
tracker.c:627:13:HandlePickupMove	72	static
tracker.c:651:13:IlluminatePieceCoordinates	88	static
tracker.c:661:13:IlluminateCoordinates	88	static
tracker.c:671:13:IlluminateSquare	80	static
tracker.c:681:13:AddIllegalPiece	288	static
tracker.c:713:13:RemoveIllegalPiece	288	static
tracker.c:736:13:CheckChessboardValidity	16	static
tracker.c:751:16:ValidateKill	24	static
tracker.c:769:16:ValidateMove	16	static
tracker.c:777:16:ValidateCastling	16	static
tracker.c:792:9:ValidateStartPositions	144	static
tracker.c:822:13:EndTurn	8	static
tracker.c:850:13:CheckForPromotion	48	static
tracker.c:867:13:UpdateCastleFlags	8	static
tracker.c:897:13:GetPiecesForTeam	32	static
tracker.c:913:9:PawnReachedEnd	24	static
tracker.c:919:16:PieceExists	16	static
tracker.c:924:13:ClearPiece	16	static
tracker.c:929:13:SetPiece	16	static
tracker.c:934:13:SetPieceCoordinate	16	static
tracker.c:939:21:GetPiece	24	static
tracker.c:944:31:GetPieceCoordinate	24	static
tracker.c:955:16:DidSameTeamPickupLast	16	static
tracker.c:960:16:IsPieceEqual	16	static
tracker.c:966:9:IsPiecePresent	16	static
tracker.c:971:16:IsPieceCoordinateEqual	16	static
tracker.c:978:16:IsPieceCoordinateSamePosition	16	static
tracker.c:983:24:GetCurrentTurn	4	static
