tracker.c:84:6:InitTracker	24	static
tracker.c:132:13:WriteColumn	24	static
tracker.c:143:16:ReadRow	24	static
tracker.c:149:9:Track	16	static
tracker.c:189:13:AppendHistory	32	static
tracker.c:199:16:IsHistoryConsensus	24	static
tracker.c:213:13:HandlePlace	16	static
tracker.c:254:13:HandlePlaceIllegalState	24	static
tracker.c:277:13:HandlePlaceNoMove	16	static
tracker.c:282:13:HandlePlaceKill	24	static
tracker.c:303:13:HandlePlaceCastling	16	static
tracker.c:344:13:HandlePlaceMove	24	static
tracker.c:360:13:HandlePlacePreemptPromotion	16	static
tracker.c:365:13:HandlePlacePromotion	24	static
tracker.c:386:13:HandlePickup	16	static
tracker.c:430:13:HandlePickupIllegalState	24	static
tracker.c:454:13:HandlePickupPreemptKill	16	static
tracker.c:459:13:HandlePickupKill	16	static
tracker.c:470:13:HandlePickupCastling	32	static
tracker.c:512:13:HandlePickupPromotion	16	static
tracker.c:521:13:HandlePickupMove	144	static
tracker.c:550:13:AddIllegalPiece	16	static
tracker.c:562:13:RemoveIllegalPiece	24	static
tracker.c:574:13:CheckChessboardValidity	16	static
tracker.c:589:16:ValidateKill	24	static
tracker.c:607:16:ValidateMove	16	static
tracker.c:615:16:ValidateCastling	16	static
tracker.c:630:9:ValidateStartPositions	16	static
tracker.c:672:6:TestLEDs	80	static
tracker.c:689:13:EndTurn	72	static
tracker.c:718:13:CheckForPromotion	48	static
tracker.c:735:13:UpdateCastleFlags	8	static
tracker.c:765:13:GetPiecesForTeam	32	static
tracker.c:781:9:PawnReachedEnd	24	static
tracker.c:787:16:PieceExists	16	static
tracker.c:792:13:ClearPiece	16	static
tracker.c:797:13:SetPiece	16	static
tracker.c:802:13:SetPieceCoordinate	16	static
tracker.c:807:21:GetPiece	24	static
tracker.c:812:31:GetPieceCoordinate	24	static
tracker.c:823:16:DidSameTeamPickupLast	16	static
tracker.c:828:16:IsPieceEqual	16	static
tracker.c:834:9:IsPiecePresent	16	static
tracker.c:839:16:IsPieceCoordinateEqual	16	static
tracker.c:846:16:IsPieceCoordinateSamePosition	16	static
tracker.c:851:24:GetCurrentTurn	4	static
