tracker.c:90:6:InitTracker	24	static
tracker.c:136:13:WriteColumn	24	static
tracker.c:147:16:ReadRow	24	static
tracker.c:153:9:Track	16	static
tracker.c:193:13:AppendHistory	32	static
tracker.c:203:16:IsHistoryConsensus	24	static
tracker.c:217:13:HandlePlace	16	static
tracker.c:258:13:HandlePlaceIllegalState	24	static
tracker.c:282:13:HandlePlaceNoMove	16	static
tracker.c:290:13:HandlePlaceKill	24	static
tracker.c:311:13:HandlePlaceCastling	16	static
tracker.c:352:13:HandlePlaceMove	24	static
tracker.c:368:13:HandlePlacePreemptPromotion	16	static
tracker.c:376:13:HandlePlacePromotion	24	static
tracker.c:412:13:HandlePickup	16	static
tracker.c:456:13:HandlePickupIllegalState	24	static
tracker.c:480:13:HandlePickupPreemptKill	16	static
tracker.c:485:13:HandlePickupKill	16	static
tracker.c:501:13:HandlePickupCastling	40	static
tracker.c:548:13:HandlePickupPromotion	16	static
tracker.c:557:13:HandlePickupMove	72	static
tracker.c:576:13:IlluminatePieceCoordinates	88	static
tracker.c:586:13:IlluminateCoordinates	88	static
tracker.c:596:13:IlluminateSquare	80	static
tracker.c:606:13:AddIllegalPiece	288	static
tracker.c:638:13:RemoveIllegalPiece	288	static
tracker.c:661:13:CheckChessboardValidity	16	static
tracker.c:676:16:ValidateKill	24	static
tracker.c:694:16:ValidateMove	16	static
tracker.c:702:16:ValidateCastling	16	static
tracker.c:717:9:ValidateStartPositions	144	static
tracker.c:747:13:EndTurn	8	static
tracker.c:775:13:CheckForPromotion	48	static
tracker.c:792:13:UpdateCastleFlags	8	static
tracker.c:822:13:GetPiecesForTeam	32	static
tracker.c:838:9:PawnReachedEnd	24	static
tracker.c:844:16:PieceExists	16	static
tracker.c:849:13:ClearPiece	16	static
tracker.c:854:13:SetPiece	16	static
tracker.c:859:13:SetPieceCoordinate	16	static
tracker.c:864:21:GetPiece	24	static
tracker.c:869:31:GetPieceCoordinate	24	static
tracker.c:880:16:DidSameTeamPickupLast	16	static
tracker.c:885:16:IsPieceEqual	16	static
tracker.c:891:9:IsPiecePresent	16	static
tracker.c:896:16:IsPieceCoordinateEqual	16	static
tracker.c:903:16:IsPieceCoordinateSamePosition	16	static
tracker.c:908:24:GetCurrentTurn	4	static
