tracker.c:103:6:InitTracker	32	static
tracker.c:150:13:WriteColumn	24	static
tracker.c:161:16:ReadRow	24	static
tracker.c:167:9:Track	16	static
tracker.c:207:13:AppendHistory	32	static
tracker.c:217:16:IsHistoryConsensus	24	static
tracker.c:231:13:HandlePlace	16	static
tracker.c:272:13:HandlePlaceIllegalState	24	static
tracker.c:296:13:HandlePlaceNoMove	16	static
tracker.c:304:13:HandlePlaceKill	24	static
tracker.c:332:13:HandlePlaceCastling	16	static
tracker.c:377:13:HandlePlaceMove	24	static
tracker.c:400:13:HandlePlacePreemptPromotion	16	static
tracker.c:408:13:HandlePlacePromotion	24	static
tracker.c:444:13:HandlePickup	16	static
tracker.c:488:13:HandlePickupIllegalState	24	static
tracker.c:512:13:HandlePickupPreemptKill	16	static
tracker.c:517:13:HandlePickupKill	16	static
tracker.c:540:13:HandlePickupCastling	40	static
tracker.c:587:13:HandlePickupPromotion	16	static
tracker.c:596:13:HandlePickupMove	72	static
tracker.c:627:13:IlluminatePieceCoordinates	88	static
tracker.c:637:13:IlluminateCoordinates	88	static
tracker.c:647:13:IlluminateSquare	80	static
tracker.c:657:13:AddIllegalPiece	288	static
tracker.c:689:13:RemoveIllegalPiece	288	static
tracker.c:712:13:CheckChessboardValidity	16	static
tracker.c:727:16:ValidateKill	24	static
tracker.c:745:16:ValidateMove	16	static
tracker.c:753:16:ValidateCastling	16	static
tracker.c:768:9:ValidateStartPositions	144	static
tracker.c:798:13:EndTurn	16	static
tracker.c:850:13:CheckForPromotion	48	static
tracker.c:867:13:UpdateCastleFlags	8	static
tracker.c:897:13:GetPiecesForTeam	32	static
tracker.c:913:9:PawnReachedEnd	24	static
tracker.c:919:16:PieceExists	16	static
tracker.c:924:13:ClearPiece	16	static
tracker.c:929:13:SetPiece	16	static
tracker.c:934:13:SetPieceCoordinate	16	static
tracker.c:939:21:GetPiece	24	static
tracker.c:944:31:GetPieceCoordinate	24	static
tracker.c:955:16:DidSameTeamPickupLast	16	static
tracker.c:960:16:IsPieceEqual	16	static
tracker.c:966:9:IsPiecePresent	16	static
tracker.c:971:16:IsPieceCoordinateEqual	16	static
tracker.c:978:16:IsPieceCoordinateSamePosition	16	static
tracker.c:983:24:GetCurrentTurn	4	static
