tracker.c:84:6:InitTracker	24	static
tracker.c:132:13:WriteColumn	24	static
tracker.c:143:16:ReadRow	24	static
tracker.c:149:9:Track	16	static
tracker.c:189:13:AppendHistory	32	static
tracker.c:199:16:IsHistoryConsensus	24	static
tracker.c:213:13:HandlePlace	16	static
tracker.c:254:13:HandlePlaceIllegalState	24	static
tracker.c:277:13:HandlePlaceNoMove	80	static
tracker.c:284:13:HandlePlaceKill	24	static
tracker.c:305:13:HandlePlaceCastling	16	static
tracker.c:346:13:HandlePlaceMove	24	static
tracker.c:362:13:HandlePlacePreemptPromotion	16	static
tracker.c:367:13:HandlePlacePromotion	24	static
tracker.c:388:13:HandlePickup	16	static
tracker.c:432:13:HandlePickupIllegalState	24	static
tracker.c:456:13:HandlePickupPreemptKill	16	static
tracker.c:461:13:HandlePickupKill	16	static
tracker.c:472:13:HandlePickupCastling	32	static
tracker.c:514:13:HandlePickupPromotion	16	static
tracker.c:523:13:HandlePickupMove	144	static
tracker.c:552:13:AddIllegalPiece	16	static
tracker.c:564:13:RemoveIllegalPiece	24	static
tracker.c:576:13:CheckChessboardValidity	16	static
tracker.c:591:16:ValidateKill	24	static
tracker.c:609:16:ValidateMove	16	static
tracker.c:617:16:ValidateCastling	16	static
tracker.c:632:9:ValidateStartPositions	80	static
tracker.c:658:6:TestLEDs	80	static
tracker.c:675:13:EndTurn	72	static
tracker.c:704:13:CheckForPromotion	48	static
tracker.c:721:13:UpdateCastleFlags	8	static
tracker.c:751:13:GetPiecesForTeam	32	static
tracker.c:767:9:PawnReachedEnd	24	static
tracker.c:773:16:PieceExists	16	static
tracker.c:778:13:ClearPiece	16	static
tracker.c:783:13:SetPiece	16	static
tracker.c:788:13:SetPieceCoordinate	16	static
tracker.c:793:21:GetPiece	24	static
tracker.c:798:31:GetPieceCoordinate	24	static
tracker.c:809:16:DidSameTeamPickupLast	16	static
tracker.c:814:16:IsPieceEqual	16	static
tracker.c:820:9:IsPiecePresent	16	static
tracker.c:825:16:IsPieceCoordinateEqual	16	static
tracker.c:832:16:IsPieceCoordinateSamePosition	16	static
tracker.c:837:24:GetCurrentTurn	4	static
