tracker.c:103:6:InitTracker	32	static
tracker.c:151:13:WriteColumn	24	static
tracker.c:162:16:ReadRow	24	static
tracker.c:168:9:Track	16	static
tracker.c:208:13:AppendHistory	32	static
tracker.c:218:16:IsHistoryConsensus	24	static
tracker.c:232:13:HandlePlace	16	static
tracker.c:273:13:HandlePlaceIllegalState	24	static
tracker.c:297:13:HandlePlaceNoMove	16	static
tracker.c:305:13:HandlePlaceKiller	24	static
tracker.c:341:13:HandlePlaceCastling	16	static
tracker.c:386:13:HandlePlaceMove	24	static
tracker.c:409:13:HandlePlacePreemptPromotion	16	static
tracker.c:417:13:HandlePlacePromotion	24	static
tracker.c:453:13:HandlePickup	16	static
tracker.c:497:13:HandlePickupIllegalState	24	static
tracker.c:521:13:HandlePickupVictim	16	static
tracker.c:526:13:HandlePickupKiller	16	static
tracker.c:550:13:HandlePickupCastling	40	static
tracker.c:597:13:HandlePickupPromotion	16	static
tracker.c:606:13:HandlePickupMove	72	static
tracker.c:637:13:IlluminatePieceCoordinates	88	static
tracker.c:647:13:IlluminateCoordinates	88	static
tracker.c:660:13:AddIllegalPiece	152	static
tracker.c:692:13:RemoveIllegalPiece	152	static
tracker.c:715:13:CheckChessboardValidity	16	static
tracker.c:730:16:ValidateKill	24	static
tracker.c:748:16:ValidateMove	16	static
tracker.c:756:16:ValidateCastling	16	static
tracker.c:771:9:ValidateStartPositions	144	static
tracker.c:801:13:EndTurn	16	static
tracker.c:853:13:CheckForPromotion	48	static
tracker.c:870:13:UpdateCastleFlags	8	static
tracker.c:900:13:GetPiecesForTeam	32	static
tracker.c:916:9:PawnReachedEnd	24	static
tracker.c:922:16:PieceExists	16	static
tracker.c:927:13:ClearPiece	16	static
tracker.c:932:13:SetPiece	16	static
tracker.c:937:13:SetPieceCoordinate	16	static
tracker.c:942:21:GetPiece	24	static
tracker.c:947:31:GetPieceCoordinate	24	static
tracker.c:958:16:DidSameTeamPickupLast	16	static
tracker.c:963:16:IsPieceEqual	16	static
tracker.c:969:9:IsPiecePresent	16	static
tracker.c:974:16:IsPieceCoordinateEqual	16	static
tracker.c:981:16:IsPieceCoordinateSamePosition	16	static
tracker.c:986:24:GetCurrentTurn	4	static
