waveplayer.c:17:13:ResetAudio	8	static
waveplayer.c:23:6:GetFile	64	static
waveplayer.c:36:6:PlayAudio	16	static
waveplayer.c:53:6:ProcessAudio	8	static
waveplayer.c:91:5:GetAudioStatus	4	static
waveplayer.c:95:6:HAL_DACEx_ConvCpltCallbackCh2	16	static
waveplayer.c:99:6:HAL_DACEx_ConvHalfCpltCallbackCh2	16	static
waveplayer.c:103:6:HAL_DAC_ConvCpltCallbackCh1	16	static
waveplayer.c:107:6:HAL_DAC_ConvHalfCpltCallbackCh1	16	static
waveplayer.c:111:6:WaveplayerInit	40	static
waveplayer.c:145:6:prepAudio	32	static
waveplayer.c:152:6:resetAudio	24	static
