12:23:02 **** Incremental Build of configuration Debug for project IHateEverything3 ****
make -j8 all 
arm-none-eabi-size   IHateEverything3.elf 
   text	   data	    bss	    dec	    hex	filename
  30576	    188	   9548	  40312	   9d78	IHateEverything3.elf
Finished building: default.size.stdout
 
12:23:06 **** Incremental Build of configuration Debug for project IHateEverything3 ****
make -j8 all 
arm-none-eabi-size   IHateEverything3.elf 
   text	   data	    bss	    dec	    hex	filename
  30576	    188	   9548	  40312	   9d78	IHateEverything3.elf
Finished building: default.size.stdout
 
12:25:15 **** Incremental Build of configuration Debug for project IHateEverything3 ****
make -j8 all 
arm-none-eabi-gcc "../Core/Src/uart.c" -mcpu=cortex-m3 -std=gnu11 -g3 -DDEBUG -DUSE_HAL_DRIVER -DSTM32L152xCA -c -I../Core/Inc -I../Drivers/STM32L1xx_HAL_Driver/Inc -I../Drivers/STM32L1xx_HAL_Driver/Inc/Legacy -I../Drivers/CMSIS/Device/ST/STM32L1xx/Include -I../Drivers/CMSIS/Include -I../FATFS/Target -I../FATFS/App -I../Middlewares/Third_Party/FatFs/src -O0 -ffunction-sections -fdata-sections -Wall -fstack-usage -MMD -MP -MF"Core/Src/uart.d" -MT"Core/Src/uart.o" --specs=nano.specs -mfloat-abi=soft -mthumb -o "Core/Src/uart.o"
arm-none-eabi-gcc -o "IHateEverything3.elf" @"objects.list"   -mcpu=cortex-m3 -T"C:\Users\baer12\STM32CubeIDE\workspace_1.7.0\IHateEverything2\STM32L152ZCTX_FLASH.ld" --specs=nosys.specs -Wl,-Map="IHateEverything3.map" -Wl,--gc-sections -static --specs=nano.specs -mfloat-abi=soft -mthumb -Wl,--start-group -lc -lm -Wl,--end-group
Finished building target: IHateEverything3.elf
 
arm-none-eabi-size   IHateEverything3.elf 
arm-none-eabi-objdump -h -S  IHateEverything3.elf  > "IHateEverything3.list"
arm-none-eabi-objcopy  -O binary  IHateEverything3.elf  "IHateEverything3.bin"
   text	   data	    bss	    dec	    hex	filename
  30568	    188	   9548	  40304	   9d70	IHateEverything3.elf
Finished building: default.size.stdout
 
Finished building: IHateEverything3.bin
 
Finished building: IHateEverything3.list
 
12:27:18 **** Incremental Build of configuration Debug for project IHateEverything3 ****
make -j8 all 
arm-none-eabi-size   IHateEverything3.elf 
   text	   data	    bss	    dec	    hex	filename
  30568	    188	   9548	  40304	   9d70	IHateEverything3.elf
Finished building: default.size.stdout
 
12:35:03 **** Incremental Build of configuration Debug for project IHateEverything3 ****
make -j8 all 
arm-none-eabi-gcc "../Core/Src/chessclock.c" -mcpu=cortex-m3 -std=gnu11 -g3 -DDEBUG -DUSE_HAL_DRIVER -DSTM32L152xCA -c -I../Core/Inc -I../Drivers/STM32L1xx_HAL_Driver/Inc -I../Drivers/STM32L1xx_HAL_Driver/Inc/Legacy -I../Drivers/CMSIS/Device/ST/STM32L1xx/Include -I../Drivers/CMSIS/Include -I../FATFS/Target -I../FATFS/App -I../Middlewares/Third_Party/FatFs/src -O0 -ffunction-sections -fdata-sections -Wall -fstack-usage -MMD -MP -MF"Core/Src/chessclock.d" -MT"Core/Src/chessclock.o" --specs=nano.specs -mfloat-abi=soft -mthumb -o "Core/Src/chessclock.o"
arm-none-eabi-gcc -o "IHateEverything3.elf" @"objects.list"   -mcpu=cortex-m3 -T"C:\Users\baer12\STM32CubeIDE\workspace_1.7.0\IHateEverything2\STM32L152ZCTX_FLASH.ld" --specs=nosys.specs -Wl,-Map="IHateEverything3.map" -Wl,--gc-sections -static --specs=nano.specs -mfloat-abi=soft -mthumb -Wl,--start-group -lc -lm -Wl,--end-group
Finished building target: IHateEverything3.elf
 
arm-none-eabi-size   IHateEverything3.elf 
arm-none-eabi-objdump -h -S  IHateEverything3.elf  > "IHateEverything3.list"
arm-none-eabi-objcopy  -O binary  IHateEverything3.elf  "IHateEverything3.bin"
   text	   data	    bss	    dec	    hex	filename
  30568	    188	   9548	  40304	   9d70	IHateEverything3.elf
Finished building: default.size.stdout
 
Finished building: IHateEverything3.bin
 
Finished building: IHateEverything3.list
 
