15:45:29 **** Incremental Build of configuration Debug for project IHateEverything3 ****
make -j8 all 
arm-none-eabi-gcc "../Core/Src/main.c" -mcpu=cortex-m3 -std=gnu11 -g3 -DDEBUG -DUSE_HAL_DRIVER -DSTM32L152xCA -c -I../Core/Inc -I../Drivers/STM32L1xx_HAL_Driver/Inc -I../Drivers/STM32L1xx_HAL_Driver/Inc/Legacy -I../Drivers/CMSIS/Device/ST/STM32L1xx/Include -I../Drivers/CMSIS/Include -I../FATFS/Target -I../FATFS/App -I../Middlewares/Third_Party/FatFs/src -O0 -ffunction-sections -fdata-sections -Wall -fstack-usage -MMD -MP -MF"Core/Src/main.d" -MT"Core/Src/main.o" --specs=nano.specs -mfloat-abi=soft -mthumb -o "Core/Src/main.o"
arm-none-eabi-gcc "../Core/Src/pathfinder.c" -mcpu=cortex-m3 -std=gnu11 -g3 -DDEBUG -DUSE_HAL_DRIVER -DSTM32L152xCA -c -I../Core/Inc -I../Drivers/STM32L1xx_HAL_Driver/Inc -I../Drivers/STM32L1xx_HAL_Driver/Inc/Legacy -I../Drivers/CMSIS/Device/ST/STM32L1xx/Include -I../Drivers/CMSIS/Include -I../FATFS/Target -I../FATFS/App -I../Middlewares/Third_Party/FatFs/src -O0 -ffunction-sections -fdata-sections -Wall -fstack-usage -MMD -MP -MF"Core/Src/pathfinder.d" -MT"Core/Src/pathfinder.o" --specs=nano.specs -mfloat-abi=soft -mthumb -o "Core/Src/pathfinder.o"
arm-none-eabi-gcc "../Core/Src/tracker.c" -mcpu=cortex-m3 -std=gnu11 -g3 -DDEBUG -DUSE_HAL_DRIVER -DSTM32L152xCA -c -I../Core/Inc -I../Drivers/STM32L1xx_HAL_Driver/Inc -I../Drivers/STM32L1xx_HAL_Driver/Inc/Legacy -I../Drivers/CMSIS/Device/ST/STM32L1xx/Include -I../Drivers/CMSIS/Include -I../FATFS/Target -I../FATFS/App -I../Middlewares/Third_Party/FatFs/src -O0 -ffunction-sections -fdata-sections -Wall -fstack-usage -MMD -MP -MF"Core/Src/tracker.d" -MT"Core/Src/tracker.o" --specs=nano.specs -mfloat-abi=soft -mthumb -o "Core/Src/tracker.o"
../Core/Src/main.c: In function 'main':
../Core/Src/main.c:205:6: warning: implicit declaration of function 'memcmp' [-Wimplicit-function-declaration]
  205 |  if (memcmp(recv, "-----", 5) != 0){
      |      ^~~~~~
../Core/Src/main.c:205:28: warning: 'memcmp' argument 3 type is 'int' where 'unsigned int' is expected in a call to built-in function declared without prototype [-Wbuiltin-declaration-mismatch]
  205 |  if (memcmp(recv, "-----", 5) != 0){
      |                            ^
<built-in>: note: built-in 'memcmp' declared here
At top level:
../Core/Src/main.c:621:13: warning: 'MX_DMA_Init' defined but not used [-Wunused-function]
  621 | static void MX_DMA_Init(void)
      |             ^~~~~~~~~~~
../Core/Src/main.c:590:13: warning: 'MX_USART1_UART_Init' defined but not used [-Wunused-function]
  590 | static void MX_USART1_UART_Init(void)
      |             ^~~~~~~~~~~~~~~~~~~
../Core/Src/main.c:500:13: warning: 'MX_TIM4_Init' defined but not used [-Wunused-function]
  500 | static void MX_TIM4_Init(void)
      |             ^~~~~~~~~~~~
../Core/Src/main.c:372:13: warning: 'MX_SPI3_Init' defined but not used [-Wunused-function]
  372 | static void MX_SPI3_Init(void)
      |             ^~~~~~~~~~~~
../Core/Src/main.c:334:13: warning: 'MX_SPI2_Init' defined but not used [-Wunused-function]
  334 | static void MX_SPI2_Init(void)
      |             ^~~~~~~~~~~~
../Core/Src/main.c:296:13: warning: 'MX_SPI1_Init' defined but not used [-Wunused-function]
  296 | static void MX_SPI1_Init(void)
      |             ^~~~~~~~~~~~
../Core/Src/main.c:258:13: warning: 'MX_DAC_Init' defined but not used [-Wunused-function]
  258 | static void MX_DAC_Init(void)
      |             ^~~~~~~~~~~
../Core/Src/tracker.c: In function 'ValidateStartPositions':
../Core/Src/tracker.c:634:10: warning: variable 'thing' set but not used [-Wunused-but-set-variable]
  634 |  uint8_t thing[8][8] = {0};
      |          ^~~~~
At top level:
../Core/Src/tracker.c:721:13: warning: 'UpdateCastleFlags' defined but not used [-Wunused-function]
  721 | static void UpdateCastleFlags()
      |             ^~~~~~~~~~~~~~~~~
../Core/Src/tracker.c:704:13: warning: 'CheckForPromotion' defined but not used [-Wunused-function]
  704 | static void CheckForPromotion()
      |             ^~~~~~~~~~~~~~~~~
arm-none-eabi-gcc -o "IHateEverything3.elf" @"objects.list"   -mcpu=cortex-m3 -T"C:\Users\baer12\STM32CubeIDE\workspace_1.7.0\IHateEverything2\STM32L152ZCTX_FLASH.ld" --specs=nosys.specs -Wl,-Map="IHateEverything3.map" -Wl,--gc-sections -static --specs=nano.specs -mfloat-abi=soft -mthumb -Wl,--start-group -lc -lm -Wl,--end-group
Finished building target: IHateEverything3.elf
 
arm-none-eabi-size   IHateEverything3.elf 
arm-none-eabi-objdump -h -S  IHateEverything3.elf  > "IHateEverything3.list"
arm-none-eabi-objcopy  -O binary  IHateEverything3.elf  "IHateEverything3.bin"
   text	   data	    bss	    dec	    hex	filename
  19772	    160	   4256	  24188	   5e7c	IHateEverything3.elf
Finished building: default.size.stdout
 
Finished building: IHateEverything3.bin
 
Finished building: IHateEverything3.list
 
15:45:51 **** Incremental Build of configuration Debug for project IHateEverything3 ****
make -j8 all 
arm-none-eabi-gcc "../Core/Src/main.c" -mcpu=cortex-m3 -std=gnu11 -g3 -DDEBUG -DUSE_HAL_DRIVER -DSTM32L152xCA -c -I../Core/Inc -I../Drivers/STM32L1xx_HAL_Driver/Inc -I../Drivers/STM32L1xx_HAL_Driver/Inc/Legacy -I../Drivers/CMSIS/Device/ST/STM32L1xx/Include -I../Drivers/CMSIS/Include -I../FATFS/Target -I../FATFS/App -I../Middlewares/Third_Party/FatFs/src -O0 -ffunction-sections -fdata-sections -Wall -fstack-usage -MMD -MP -MF"Core/Src/main.d" -MT"Core/Src/main.o" --specs=nano.specs -mfloat-abi=soft -mthumb -o "Core/Src/main.o"
../Core/Src/main.c: In function 'main':
../Core/Src/main.c:170:8: warning: unused variable 'send' [-Wunused-variable]
  170 |   char send[4] = {'S', 'T', 'R', 'T'};
      |        ^~~~
At top level:
../Core/Src/main.c:621:13: warning: 'MX_DMA_Init' defined but not used [-Wunused-function]
  621 | static void MX_DMA_Init(void)
      |             ^~~~~~~~~~~
../Core/Src/main.c:590:13: warning: 'MX_USART1_UART_Init' defined but not used [-Wunused-function]
  590 | static void MX_USART1_UART_Init(void)
      |             ^~~~~~~~~~~~~~~~~~~
../Core/Src/main.c:500:13: warning: 'MX_TIM4_Init' defined but not used [-Wunused-function]
  500 | static void MX_TIM4_Init(void)
      |             ^~~~~~~~~~~~
../Core/Src/main.c:372:13: warning: 'MX_SPI3_Init' defined but not used [-Wunused-function]
  372 | static void MX_SPI3_Init(void)
      |             ^~~~~~~~~~~~
../Core/Src/main.c:334:13: warning: 'MX_SPI2_Init' defined but not used [-Wunused-function]
  334 | static void MX_SPI2_Init(void)
      |             ^~~~~~~~~~~~
../Core/Src/main.c:296:13: warning: 'MX_SPI1_Init' defined but not used [-Wunused-function]
  296 | static void MX_SPI1_Init(void)
      |             ^~~~~~~~~~~~
../Core/Src/main.c:258:13: warning: 'MX_DAC_Init' defined but not used [-Wunused-function]
  258 | static void MX_DAC_Init(void)
      |             ^~~~~~~~~~~
arm-none-eabi-gcc -o "IHateEverything3.elf" @"objects.list"   -mcpu=cortex-m3 -T"C:\Users\baer12\STM32CubeIDE\workspace_1.7.0\IHateEverything2\STM32L152ZCTX_FLASH.ld" --specs=nosys.specs -Wl,-Map="IHateEverything3.map" -Wl,--gc-sections -static --specs=nano.specs -mfloat-abi=soft -mthumb -Wl,--start-group -lc -lm -Wl,--end-group
Finished building target: IHateEverything3.elf
 
arm-none-eabi-size   IHateEverything3.elf 
arm-none-eabi-objdump -h -S  IHateEverything3.elf  > "IHateEverything3.list"
arm-none-eabi-objcopy  -O binary  IHateEverything3.elf  "IHateEverything3.bin"
   text	   data	    bss	    dec	    hex	filename
  22844	    168	   4256	  27268	   6a84	IHateEverything3.elf
Finished building: default.size.stdout
 
Finished building: IHateEverything3.bin
 
Finished building: IHateEverything3.list
 
15:46:53 **** Incremental Build of configuration Debug for project IHateEverything3 ****
make -j8 all 
arm-none-eabi-gcc "../Core/Src/main.c" -mcpu=cortex-m3 -std=gnu11 -g3 -DDEBUG -DUSE_HAL_DRIVER -DSTM32L152xCA -c -I../Core/Inc -I../Drivers/STM32L1xx_HAL_Driver/Inc -I../Drivers/STM32L1xx_HAL_Driver/Inc/Legacy -I../Drivers/CMSIS/Device/ST/STM32L1xx/Include -I../Drivers/CMSIS/Include -I../FATFS/Target -I../FATFS/App -I../Middlewares/Third_Party/FatFs/src -O0 -ffunction-sections -fdata-sections -Wall -fstack-usage -MMD -MP -MF"Core/Src/main.d" -MT"Core/Src/main.o" --specs=nano.specs -mfloat-abi=soft -mthumb -o "Core/Src/main.o"
arm-none-eabi-gcc "../Core/Src/pathfinder.c" -mcpu=cortex-m3 -std=gnu11 -g3 -DDEBUG -DUSE_HAL_DRIVER -DSTM32L152xCA -c -I../Core/Inc -I../Drivers/STM32L1xx_HAL_Driver/Inc -I../Drivers/STM32L1xx_HAL_Driver/Inc/Legacy -I../Drivers/CMSIS/Device/ST/STM32L1xx/Include -I../Drivers/CMSIS/Include -I../FATFS/Target -I../FATFS/App -I../Middlewares/Third_Party/FatFs/src -O0 -ffunction-sections -fdata-sections -Wall -fstack-usage -MMD -MP -MF"Core/Src/pathfinder.d" -MT"Core/Src/pathfinder.o" --specs=nano.specs -mfloat-abi=soft -mthumb -o "Core/Src/pathfinder.o"
arm-none-eabi-gcc "../Core/Src/tracker.c" -mcpu=cortex-m3 -std=gnu11 -g3 -DDEBUG -DUSE_HAL_DRIVER -DSTM32L152xCA -c -I../Core/Inc -I../Drivers/STM32L1xx_HAL_Driver/Inc -I../Drivers/STM32L1xx_HAL_Driver/Inc/Legacy -I../Drivers/CMSIS/Device/ST/STM32L1xx/Include -I../Drivers/CMSIS/Include -I../FATFS/Target -I../FATFS/App -I../Middlewares/Third_Party/FatFs/src -O0 -ffunction-sections -fdata-sections -Wall -fstack-usage -MMD -MP -MF"Core/Src/tracker.d" -MT"Core/Src/tracker.o" --specs=nano.specs -mfloat-abi=soft -mthumb -o "Core/Src/tracker.o"
../Core/Src/tracker.c: In function 'ValidateStartPositions':
../Core/Src/tracker.c:634:10: warning: variable 'thing' set but not used [-Wunused-but-set-variable]
  634 |  uint8_t thing[8][8] = {0};
      |          ^~~~~
At top level:
../Core/Src/tracker.c:721:13: warning: 'UpdateCastleFlags' defined but not used [-Wunused-function]
  721 | static void UpdateCastleFlags()
      |             ^~~~~~~~~~~~~~~~~
../Core/Src/tracker.c:704:13: warning: 'CheckForPromotion' defined but not used [-Wunused-function]
  704 | static void CheckForPromotion()
      |             ^~~~~~~~~~~~~~~~~
../Core/Src/main.c: In function 'main':
../Core/Src/main.c:170:8: warning: unused variable 'send' [-Wunused-variable]
  170 |   char send[4] = {'S', 'T', 'R', 'T'};
      |        ^~~~
At top level:
../Core/Src/main.c:621:13: warning: 'MX_DMA_Init' defined but not used [-Wunused-function]
  621 | static void MX_DMA_Init(void)
      |             ^~~~~~~~~~~
../Core/Src/main.c:590:13: warning: 'MX_USART1_UART_Init' defined but not used [-Wunused-function]
  590 | static void MX_USART1_UART_Init(void)
      |             ^~~~~~~~~~~~~~~~~~~
../Core/Src/main.c:500:13: warning: 'MX_TIM4_Init' defined but not used [-Wunused-function]
  500 | static void MX_TIM4_Init(void)
      |             ^~~~~~~~~~~~
../Core/Src/main.c:372:13: warning: 'MX_SPI3_Init' defined but not used [-Wunused-function]
  372 | static void MX_SPI3_Init(void)
      |             ^~~~~~~~~~~~
../Core/Src/main.c:334:13: warning: 'MX_SPI2_Init' defined but not used [-Wunused-function]
  334 | static void MX_SPI2_Init(void)
      |             ^~~~~~~~~~~~
../Core/Src/main.c:296:13: warning: 'MX_SPI1_Init' defined but not used [-Wunused-function]
  296 | static void MX_SPI1_Init(void)
      |             ^~~~~~~~~~~~
../Core/Src/main.c:258:13: warning: 'MX_DAC_Init' defined but not used [-Wunused-function]
  258 | static void MX_DAC_Init(void)
      |             ^~~~~~~~~~~
arm-none-eabi-gcc -o "IHateEverything3.elf" @"objects.list"   -mcpu=cortex-m3 -T"C:\Users\baer12\STM32CubeIDE\workspace_1.7.0\IHateEverything2\STM32L152ZCTX_FLASH.ld" --specs=nosys.specs -Wl,-Map="IHateEverything3.map" -Wl,--gc-sections -static --specs=nano.specs -mfloat-abi=soft -mthumb -Wl,--start-group -lc -lm -Wl,--end-group
Finished building target: IHateEverything3.elf
 
arm-none-eabi-size   IHateEverything3.elf 
arm-none-eabi-objdump -h -S  IHateEverything3.elf  > "IHateEverything3.list"
arm-none-eabi-objcopy  -O binary  IHateEverything3.elf  "IHateEverything3.bin"
   text	   data	    bss	    dec	    hex	filename
  22844	    168	   4256	  27268	   6a84	IHateEverything3.elf
Finished building: default.size.stdout
 
Finished building: IHateEverything3.bin
 
Finished building: IHateEverything3.list
 
15:59:17 **** Incremental Build of configuration Debug for project IHateEverything3 ****
make -j8 all 
arm-none-eabi-gcc "../Core/Src/main.c" -mcpu=cortex-m3 -std=gnu11 -g3 -DDEBUG -DUSE_HAL_DRIVER -DSTM32L152xCA -c -I../Core/Inc -I../Drivers/STM32L1xx_HAL_Driver/Inc -I../Drivers/STM32L1xx_HAL_Driver/Inc/Legacy -I../Drivers/CMSIS/Device/ST/STM32L1xx/Include -I../Drivers/CMSIS/Include -I../FATFS/Target -I../FATFS/App -I../Middlewares/Third_Party/FatFs/src -O0 -ffunction-sections -fdata-sections -Wall -fstack-usage -MMD -MP -MF"Core/Src/main.d" -MT"Core/Src/main.o" --specs=nano.specs -mfloat-abi=soft -mthumb -o "Core/Src/main.o"
../Core/Src/main.c: In function 'main':
../Core/Src/main.c:174:8: warning: unused variable 'send' [-Wunused-variable]
  174 |   char send[4] = {'S', 'T', 'R', 'T'};
      |        ^~~~
At top level:
../Core/Src/main.c:625:13: warning: 'MX_DMA_Init' defined but not used [-Wunused-function]
  625 | static void MX_DMA_Init(void)
      |             ^~~~~~~~~~~
../Core/Src/main.c:594:13: warning: 'MX_USART1_UART_Init' defined but not used [-Wunused-function]
  594 | static void MX_USART1_UART_Init(void)
      |             ^~~~~~~~~~~~~~~~~~~
../Core/Src/main.c:504:13: warning: 'MX_TIM4_Init' defined but not used [-Wunused-function]
  504 | static void MX_TIM4_Init(void)
      |             ^~~~~~~~~~~~
../Core/Src/main.c:376:13: warning: 'MX_SPI3_Init' defined but not used [-Wunused-function]
  376 | static void MX_SPI3_Init(void)
      |             ^~~~~~~~~~~~
../Core/Src/main.c:338:13: warning: 'MX_SPI2_Init' defined but not used [-Wunused-function]
  338 | static void MX_SPI2_Init(void)
      |             ^~~~~~~~~~~~
../Core/Src/main.c:300:13: warning: 'MX_SPI1_Init' defined but not used [-Wunused-function]
  300 | static void MX_SPI1_Init(void)
      |             ^~~~~~~~~~~~
../Core/Src/main.c:262:13: warning: 'MX_DAC_Init' defined but not used [-Wunused-function]
  262 | static void MX_DAC_Init(void)
      |             ^~~~~~~~~~~
arm-none-eabi-gcc -o "IHateEverything3.elf" @"objects.list"   -mcpu=cortex-m3 -T"C:\Users\baer12\STM32CubeIDE\workspace_1.7.0\IHateEverything2\STM32L152ZCTX_FLASH.ld" --specs=nosys.specs -Wl,-Map="IHateEverything3.map" -Wl,--gc-sections -static --specs=nano.specs -mfloat-abi=soft -mthumb -Wl,--start-group -lc -lm -Wl,--end-group
Finished building target: IHateEverything3.elf
 
arm-none-eabi-size   IHateEverything3.elf 
arm-none-eabi-objdump -h -S  IHateEverything3.elf  > "IHateEverything3.list"
arm-none-eabi-objcopy  -O binary  IHateEverything3.elf  "IHateEverything3.bin"
   text	   data	    bss	    dec	    hex	filename
  38964	    192	  10672	  49828	   c2a4	IHateEverything3.elf
Finished building: default.size.stdout
 
Finished building: IHateEverything3.bin
 
Finished building: IHateEverything3.list
 
16:08:50 **** Incremental Build of configuration Debug for project IHateEverything3 ****
make -j8 all 
arm-none-eabi-gcc "../Core/Src/main.c" -mcpu=cortex-m3 -std=gnu11 -g3 -DDEBUG -DUSE_HAL_DRIVER -DSTM32L152xCA -c -I../Core/Inc -I../Drivers/STM32L1xx_HAL_Driver/Inc -I../Drivers/STM32L1xx_HAL_Driver/Inc/Legacy -I../Drivers/CMSIS/Device/ST/STM32L1xx/Include -I../Drivers/CMSIS/Include -I../FATFS/Target -I../FATFS/App -I../Middlewares/Third_Party/FatFs/src -O0 -ffunction-sections -fdata-sections -Wall -fstack-usage -MMD -MP -MF"Core/Src/main.d" -MT"Core/Src/main.o" --specs=nano.specs -mfloat-abi=soft -mthumb -o "Core/Src/main.o"
../Core/Src/main.c: In function 'main':
../Core/Src/main.c:209:6: warning: implicit declaration of function 'memcmp' [-Wimplicit-function-declaration]
  209 |  if (memcmp(recv, "-----", 5) != 0){
      |      ^~~~~~
../Core/Src/main.c:209:28: warning: 'memcmp' argument 3 type is 'int' where 'unsigned int' is expected in a call to built-in function declared without prototype [-Wbuiltin-declaration-mismatch]
  209 |  if (memcmp(recv, "-----", 5) != 0){
      |                            ^
<built-in>: note: built-in 'memcmp' declared here
At top level:
../Core/Src/main.c:628:13: warning: 'MX_DMA_Init' defined but not used [-Wunused-function]
  628 | static void MX_DMA_Init(void)
      |             ^~~~~~~~~~~
../Core/Src/main.c:597:13: warning: 'MX_USART1_UART_Init' defined but not used [-Wunused-function]
  597 | static void MX_USART1_UART_Init(void)
      |             ^~~~~~~~~~~~~~~~~~~
../Core/Src/main.c:507:13: warning: 'MX_TIM4_Init' defined but not used [-Wunused-function]
  507 | static void MX_TIM4_Init(void)
      |             ^~~~~~~~~~~~
../Core/Src/main.c:379:13: warning: 'MX_SPI3_Init' defined but not used [-Wunused-function]
  379 | static void MX_SPI3_Init(void)
      |             ^~~~~~~~~~~~
../Core/Src/main.c:341:13: warning: 'MX_SPI2_Init' defined but not used [-Wunused-function]
  341 | static void MX_SPI2_Init(void)
      |             ^~~~~~~~~~~~
../Core/Src/main.c:303:13: warning: 'MX_SPI1_Init' defined but not used [-Wunused-function]
  303 | static void MX_SPI1_Init(void)
      |             ^~~~~~~~~~~~
../Core/Src/main.c:265:13: warning: 'MX_DAC_Init' defined but not used [-Wunused-function]
  265 | static void MX_DAC_Init(void)
      |             ^~~~~~~~~~~
arm-none-eabi-gcc -o "IHateEverything3.elf" @"objects.list"   -mcpu=cortex-m3 -T"C:\Users\baer12\STM32CubeIDE\workspace_1.7.0\IHateEverything2\STM32L152ZCTX_FLASH.ld" --specs=nosys.specs -Wl,-Map="IHateEverything3.map" -Wl,--gc-sections -static --specs=nano.specs -mfloat-abi=soft -mthumb -Wl,--start-group -lc -lm -Wl,--end-group
Finished building target: IHateEverything3.elf
 
arm-none-eabi-size   IHateEverything3.elf 
arm-none-eabi-objdump -h -S  IHateEverything3.elf  > "IHateEverything3.list"
arm-none-eabi-objcopy  -O binary  IHateEverything3.elf  "IHateEverything3.bin"
   text	   data	    bss	    dec	    hex	filename
  39224	    192	  10672	  50088	   c3a8	IHateEverything3.elf
Finished building: default.size.stdout
 
Finished building: IHateEverything3.bin
 
Finished building: IHateEverything3.list
 
16:09:35 **** Incremental Build of configuration Debug for project IHateEverything3 ****
make -j8 all 
arm-none-eabi-gcc "../Core/Src/main.c" -mcpu=cortex-m3 -std=gnu11 -g3 -DDEBUG -DUSE_HAL_DRIVER -DSTM32L152xCA -c -I../Core/Inc -I../Drivers/STM32L1xx_HAL_Driver/Inc -I../Drivers/STM32L1xx_HAL_Driver/Inc/Legacy -I../Drivers/CMSIS/Device/ST/STM32L1xx/Include -I../Drivers/CMSIS/Include -I../FATFS/Target -I../FATFS/App -I../Middlewares/Third_Party/FatFs/src -O0 -ffunction-sections -fdata-sections -Wall -fstack-usage -MMD -MP -MF"Core/Src/main.d" -MT"Core/Src/main.o" --specs=nano.specs -mfloat-abi=soft -mthumb -o "Core/Src/main.o"
../Core/Src/main.c: In function 'main':
../Core/Src/main.c:209:6: warning: implicit declaration of function 'memcmp' [-Wimplicit-function-declaration]
  209 |  if (memcmp(recv, "-----", 5) != 0){
      |      ^~~~~~
../Core/Src/main.c:209:28: warning: 'memcmp' argument 3 type is 'int' where 'unsigned int' is expected in a call to built-in function declared without prototype [-Wbuiltin-declaration-mismatch]
  209 |  if (memcmp(recv, "-----", 5) != 0){
      |                            ^
<built-in>: note: built-in 'memcmp' declared here
At top level:
../Core/Src/main.c:628:13: warning: 'MX_DMA_Init' defined but not used [-Wunused-function]
  628 | static void MX_DMA_Init(void)
      |             ^~~~~~~~~~~
../Core/Src/main.c:597:13: warning: 'MX_USART1_UART_Init' defined but not used [-Wunused-function]
  597 | static void MX_USART1_UART_Init(void)
      |             ^~~~~~~~~~~~~~~~~~~
../Core/Src/main.c:507:13: warning: 'MX_TIM4_Init' defined but not used [-Wunused-function]
  507 | static void MX_TIM4_Init(void)
      |             ^~~~~~~~~~~~
../Core/Src/main.c:379:13: warning: 'MX_SPI3_Init' defined but not used [-Wunused-function]
  379 | static void MX_SPI3_Init(void)
      |             ^~~~~~~~~~~~
../Core/Src/main.c:341:13: warning: 'MX_SPI2_Init' defined but not used [-Wunused-function]
  341 | static void MX_SPI2_Init(void)
      |             ^~~~~~~~~~~~
../Core/Src/main.c:303:13: warning: 'MX_SPI1_Init' defined but not used [-Wunused-function]
  303 | static void MX_SPI1_Init(void)
      |             ^~~~~~~~~~~~
../Core/Src/main.c:265:13: warning: 'MX_DAC_Init' defined but not used [-Wunused-function]
  265 | static void MX_DAC_Init(void)
      |             ^~~~~~~~~~~
arm-none-eabi-gcc -o "IHateEverything3.elf" @"objects.list"   -mcpu=cortex-m3 -T"C:\Users\baer12\STM32CubeIDE\workspace_1.7.0\IHateEverything2\STM32L152ZCTX_FLASH.ld" --specs=nosys.specs -Wl,-Map="IHateEverything3.map" -Wl,--gc-sections -static --specs=nano.specs -mfloat-abi=soft -mthumb -Wl,--start-group -lc -lm -Wl,--end-group
Finished building target: IHateEverything3.elf
 
arm-none-eabi-size   IHateEverything3.elf 
arm-none-eabi-objdump -h -S  IHateEverything3.elf  > "IHateEverything3.list"
   text	   data	    bss	    dec	    hex	filename
  39224	    192	  10672	  50088	   c3a8	IHateEverything3.elf
arm-none-eabi-objcopy  -O binary  IHateEverything3.elf  "IHateEverything3.bin"
Finished building: default.size.stdout
 
Finished building: IHateEverything3.bin
 
Finished building: IHateEverything3.list
 
16:09:50 **** Incremental Build of configuration Debug for project IHateEverything3 ****
make -j8 all 
arm-none-eabi-size   IHateEverything3.elf 
   text	   data	    bss	    dec	    hex	filename
  39224	    192	  10672	  50088	   c3a8	IHateEverything3.elf
Finished building: default.size.stdout
 
16:10:11 **** Incremental Build of configuration Debug for project IHateEverything3 ****
make -j8 all 
arm-none-eabi-size   IHateEverything3.elf 
   text	   data	    bss	    dec	    hex	filename
  39224	    192	  10672	  50088	   c3a8	IHateEverything3.elf
Finished building: default.size.stdout
 
16:13:01 **** Incremental Build of configuration Debug for project IHateEverything3 ****
make -j8 all 
arm-none-eabi-gcc "../Core/Src/leds.c" -mcpu=cortex-m3 -std=gnu11 -g3 -DDEBUG -DUSE_HAL_DRIVER -DSTM32L152xCA -c -I../Core/Inc -I../Drivers/STM32L1xx_HAL_Driver/Inc -I../Drivers/STM32L1xx_HAL_Driver/Inc/Legacy -I../Drivers/CMSIS/Device/ST/STM32L1xx/Include -I../Drivers/CMSIS/Include -I../FATFS/Target -I../FATFS/App -I../Middlewares/Third_Party/FatFs/src -O0 -ffunction-sections -fdata-sections -Wall -fstack-usage -MMD -MP -MF"Core/Src/leds.d" -MT"Core/Src/leds.o" --specs=nano.specs -mfloat-abi=soft -mthumb -o "Core/Src/leds.o"
arm-none-eabi-gcc "../Core/Src/main.c" -mcpu=cortex-m3 -std=gnu11 -g3 -DDEBUG -DUSE_HAL_DRIVER -DSTM32L152xCA -c -I../Core/Inc -I../Drivers/STM32L1xx_HAL_Driver/Inc -I../Drivers/STM32L1xx_HAL_Driver/Inc/Legacy -I../Drivers/CMSIS/Device/ST/STM32L1xx/Include -I../Drivers/CMSIS/Include -I../FATFS/Target -I../FATFS/App -I../Middlewares/Third_Party/FatFs/src -O0 -ffunction-sections -fdata-sections -Wall -fstack-usage -MMD -MP -MF"Core/Src/main.d" -MT"Core/Src/main.o" --specs=nano.specs -mfloat-abi=soft -mthumb -o "Core/Src/main.o"
../Core/Src/main.c: In function 'main':
../Core/Src/main.c:209:6: warning: implicit declaration of function 'memcmp' [-Wimplicit-function-declaration]
  209 |  if (memcmp(recv, "-----", 5) != 0){
      |      ^~~~~~
../Core/Src/main.c:209:28: warning: 'memcmp' argument 3 type is 'int' where 'unsigned int' is expected in a call to built-in function declared without prototype [-Wbuiltin-declaration-mismatch]
  209 |  if (memcmp(recv, "-----", 5) != 0){
      |                            ^
<built-in>: note: built-in 'memcmp' declared here
../Core/Src/main.c:211:24: error: expected ';' before 'disableOutput'
  211 |   disableOutput(&hspi1)
      |                        ^
      |                        ;
  212 |   disableOutput(&hspi2);
      |   ~~~~~~~~~~~~~         
At top level:
../Core/Src/main.c:630:13: warning: 'MX_DMA_Init' defined but not used [-Wunused-function]
  630 | static void MX_DMA_Init(void)
      |             ^~~~~~~~~~~
../Core/Src/main.c:599:13: warning: 'MX_USART1_UART_Init' defined but not used [-Wunused-function]
  599 | static void MX_USART1_UART_Init(void)
      |             ^~~~~~~~~~~~~~~~~~~
../Core/Src/main.c:509:13: warning: 'MX_TIM4_Init' defined but not used [-Wunused-function]
  509 | static void MX_TIM4_Init(void)
      |             ^~~~~~~~~~~~
../Core/Src/main.c:381:13: warning: 'MX_SPI3_Init' defined but not used [-Wunused-function]
  381 | static void MX_SPI3_Init(void)
      |             ^~~~~~~~~~~~
../Core/Src/main.c:343:13: warning: 'MX_SPI2_Init' defined but not used [-Wunused-function]
  343 | static void MX_SPI2_Init(void)
      |             ^~~~~~~~~~~~
../Core/Src/main.c:305:13: warning: 'MX_SPI1_Init' defined but not used [-Wunused-function]
  305 | static void MX_SPI1_Init(void)
      |             ^~~~~~~~~~~~
../Core/Src/main.c:267:13: warning: 'MX_DAC_Init' defined but not used [-Wunused-function]
  267 | static void MX_DAC_Init(void)
      |             ^~~~~~~~~~~
make: *** [Core/Src/subdir.mk:55: Core/Src/main.o] Error 1
make: *** Waiting for unfinished jobs....
"make -j8 all" terminated with exit code 2. Build might be incomplete.
16:13:10 **** Incremental Build of configuration Debug for project IHateEverything3 ****
make -j8 all 
arm-none-eabi-gcc "../Core/Src/main.c" -mcpu=cortex-m3 -std=gnu11 -g3 -DDEBUG -DUSE_HAL_DRIVER -DSTM32L152xCA -c -I../Core/Inc -I../Drivers/STM32L1xx_HAL_Driver/Inc -I../Drivers/STM32L1xx_HAL_Driver/Inc/Legacy -I../Drivers/CMSIS/Device/ST/STM32L1xx/Include -I../Drivers/CMSIS/Include -I../FATFS/Target -I../FATFS/App -I../Middlewares/Third_Party/FatFs/src -O0 -ffunction-sections -fdata-sections -Wall -fstack-usage -MMD -MP -MF"Core/Src/main.d" -MT"Core/Src/main.o" --specs=nano.specs -mfloat-abi=soft -mthumb -o "Core/Src/main.o"
../Core/Src/main.c: In function 'main':
../Core/Src/main.c:209:6: warning: implicit declaration of function 'memcmp' [-Wimplicit-function-declaration]
  209 |  if (memcmp(recv, "-----", 5) != 0){
      |      ^~~~~~
../Core/Src/main.c:209:28: warning: 'memcmp' argument 3 type is 'int' where 'unsigned int' is expected in a call to built-in function declared without prototype [-Wbuiltin-declaration-mismatch]
  209 |  if (memcmp(recv, "-----", 5) != 0){
      |                            ^
<built-in>: note: built-in 'memcmp' declared here
At top level:
../Core/Src/main.c:630:13: warning: 'MX_DMA_Init' defined but not used [-Wunused-function]
  630 | static void MX_DMA_Init(void)
      |             ^~~~~~~~~~~
../Core/Src/main.c:599:13: warning: 'MX_USART1_UART_Init' defined but not used [-Wunused-function]
  599 | static void MX_USART1_UART_Init(void)
      |             ^~~~~~~~~~~~~~~~~~~
../Core/Src/main.c:509:13: warning: 'MX_TIM4_Init' defined but not used [-Wunused-function]
  509 | static void MX_TIM4_Init(void)
      |             ^~~~~~~~~~~~
../Core/Src/main.c:381:13: warning: 'MX_SPI3_Init' defined but not used [-Wunused-function]
  381 | static void MX_SPI3_Init(void)
      |             ^~~~~~~~~~~~
../Core/Src/main.c:343:13: warning: 'MX_SPI2_Init' defined but not used [-Wunused-function]
  343 | static void MX_SPI2_Init(void)
      |             ^~~~~~~~~~~~
../Core/Src/main.c:305:13: warning: 'MX_SPI1_Init' defined but not used [-Wunused-function]
  305 | static void MX_SPI1_Init(void)
      |             ^~~~~~~~~~~~
../Core/Src/main.c:267:13: warning: 'MX_DAC_Init' defined but not used [-Wunused-function]
  267 | static void MX_DAC_Init(void)
      |             ^~~~~~~~~~~
arm-none-eabi-gcc -o "IHateEverything3.elf" @"objects.list"   -mcpu=cortex-m3 -T"C:\Users\baer12\STM32CubeIDE\workspace_1.7.0\IHateEverything2\STM32L152ZCTX_FLASH.ld" --specs=nosys.specs -Wl,-Map="IHateEverything3.map" -Wl,--gc-sections -static --specs=nano.specs -mfloat-abi=soft -mthumb -Wl,--start-group -lc -lm -Wl,--end-group
Finished building target: IHateEverything3.elf
 
arm-none-eabi-size   IHateEverything3.elf 
arm-none-eabi-objdump -h -S  IHateEverything3.elf  > "IHateEverything3.list"
arm-none-eabi-objcopy  -O binary  IHateEverything3.elf  "IHateEverything3.bin"
   text	   data	    bss	    dec	    hex	filename
  39236	    192	  10672	  50100	   c3b4	IHateEverything3.elf
Finished building: default.size.stdout
 
Finished building: IHateEverything3.bin
 
Finished building: IHateEverything3.list
 
16:13:53 **** Incremental Build of configuration Debug for project IHateEverything3 ****
make -j8 all 
arm-none-eabi-size   IHateEverything3.elf 
   text	   data	    bss	    dec	    hex	filename
  39236	    192	  10672	  50100	   c3b4	IHateEverything3.elf
Finished building: default.size.stdout
 
16:21:56 **** Incremental Build of configuration Debug for project IHateEverything3 ****
make -j8 all 
arm-none-eabi-gcc "../Core/Src/leds.c" -mcpu=cortex-m3 -std=gnu11 -g3 -DDEBUG -DUSE_HAL_DRIVER -DSTM32L152xCA -c -I../Core/Inc -I../Drivers/STM32L1xx_HAL_Driver/Inc -I../Drivers/STM32L1xx_HAL_Driver/Inc/Legacy -I../Drivers/CMSIS/Device/ST/STM32L1xx/Include -I../Drivers/CMSIS/Include -I../FATFS/Target -I../FATFS/App -I../Middlewares/Third_Party/FatFs/src -O0 -ffunction-sections -fdata-sections -Wall -fstack-usage -MMD -MP -MF"Core/Src/leds.d" -MT"Core/Src/leds.o" --specs=nano.specs -mfloat-abi=soft -mthumb -o "Core/Src/leds.o"
arm-none-eabi-gcc -o "IHateEverything3.elf" @"objects.list"   -mcpu=cortex-m3 -T"C:\Users\baer12\STM32CubeIDE\workspace_1.7.0\IHateEverything2\STM32L152ZCTX_FLASH.ld" --specs=nosys.specs -Wl,-Map="IHateEverything3.map" -Wl,--gc-sections -static --specs=nano.specs -mfloat-abi=soft -mthumb -Wl,--start-group -lc -lm -Wl,--end-group
Finished building target: IHateEverything3.elf
 
arm-none-eabi-size   IHateEverything3.elf 
arm-none-eabi-objdump -h -S  IHateEverything3.elf  > "IHateEverything3.list"
arm-none-eabi-objcopy  -O binary  IHateEverything3.elf  "IHateEverything3.bin"
   text	   data	    bss	    dec	    hex	filename
  39264	    192	  10672	  50128	   c3d0	IHateEverything3.elf
Finished building: default.size.stdout
 
Finished building: IHateEverything3.bin
 
Finished building: IHateEverything3.list
 
16:26:36 **** Incremental Build of configuration Debug for project IHateEverything3 ****
make -j8 all 
arm-none-eabi-gcc "../Core/Src/leds.c" -mcpu=cortex-m3 -std=gnu11 -g3 -DDEBUG -DUSE_HAL_DRIVER -DSTM32L152xCA -c -I../Core/Inc -I../Drivers/STM32L1xx_HAL_Driver/Inc -I../Drivers/STM32L1xx_HAL_Driver/Inc/Legacy -I../Drivers/CMSIS/Device/ST/STM32L1xx/Include -I../Drivers/CMSIS/Include -I../FATFS/Target -I../FATFS/App -I../Middlewares/Third_Party/FatFs/src -O0 -ffunction-sections -fdata-sections -Wall -fstack-usage -MMD -MP -MF"Core/Src/leds.d" -MT"Core/Src/leds.o" --specs=nano.specs -mfloat-abi=soft -mthumb -o "Core/Src/leds.o"
arm-none-eabi-gcc -o "IHateEverything3.elf" @"objects.list"   -mcpu=cortex-m3 -T"C:\Users\baer12\STM32CubeIDE\workspace_1.7.0\IHateEverything2\STM32L152ZCTX_FLASH.ld" --specs=nosys.specs -Wl,-Map="IHateEverything3.map" -Wl,--gc-sections -static --specs=nano.specs -mfloat-abi=soft -mthumb -Wl,--start-group -lc -lm -Wl,--end-group
Finished building target: IHateEverything3.elf
 
arm-none-eabi-size   IHateEverything3.elf 
arm-none-eabi-objdump -h -S  IHateEverything3.elf  > "IHateEverything3.list"
arm-none-eabi-objcopy  -O binary  IHateEverything3.elf  "IHateEverything3.bin"
   text	   data	    bss	    dec	    hex	filename
  39236	    192	  10672	  50100	   c3b4	IHateEverything3.elf
Finished building: default.size.stdout
 
Finished building: IHateEverything3.bin
 
Finished building: IHateEverything3.list
 
16:26:43 **** Incremental Build of configuration Debug for project IHateEverything3 ****
make -j8 all 
arm-none-eabi-gcc "../Core/Src/main.c" -mcpu=cortex-m3 -std=gnu11 -g3 -DDEBUG -DUSE_HAL_DRIVER -DSTM32L152xCA -c -I../Core/Inc -I../Drivers/STM32L1xx_HAL_Driver/Inc -I../Drivers/STM32L1xx_HAL_Driver/Inc/Legacy -I../Drivers/CMSIS/Device/ST/STM32L1xx/Include -I../Drivers/CMSIS/Include -I../FATFS/Target -I../FATFS/App -I../Middlewares/Third_Party/FatFs/src -O0 -ffunction-sections -fdata-sections -Wall -fstack-usage -MMD -MP -MF"Core/Src/main.d" -MT"Core/Src/main.o" --specs=nano.specs -mfloat-abi=soft -mthumb -o "Core/Src/main.o"
../Core/Src/main.c: In function 'main':
../Core/Src/main.c:209:6: warning: implicit declaration of function 'memcmp' [-Wimplicit-function-declaration]
  209 |  if (memcmp(recv, "-----", 5) != 0){
      |      ^~~~~~
../Core/Src/main.c:209:28: warning: 'memcmp' argument 3 type is 'int' where 'unsigned int' is expected in a call to built-in function declared without prototype [-Wbuiltin-declaration-mismatch]
  209 |  if (memcmp(recv, "-----", 5) != 0){
      |                            ^
<built-in>: note: built-in 'memcmp' declared here
At top level:
../Core/Src/main.c:630:13: warning: 'MX_DMA_Init' defined but not used [-Wunused-function]
  630 | static void MX_DMA_Init(void)
      |             ^~~~~~~~~~~
../Core/Src/main.c:599:13: warning: 'MX_USART1_UART_Init' defined but not used [-Wunused-function]
  599 | static void MX_USART1_UART_Init(void)
      |             ^~~~~~~~~~~~~~~~~~~
../Core/Src/main.c:509:13: warning: 'MX_TIM4_Init' defined but not used [-Wunused-function]
  509 | static void MX_TIM4_Init(void)
      |             ^~~~~~~~~~~~
../Core/Src/main.c:381:13: warning: 'MX_SPI3_Init' defined but not used [-Wunused-function]
  381 | static void MX_SPI3_Init(void)
      |             ^~~~~~~~~~~~
../Core/Src/main.c:343:13: warning: 'MX_SPI2_Init' defined but not used [-Wunused-function]
  343 | static void MX_SPI2_Init(void)
      |             ^~~~~~~~~~~~
../Core/Src/main.c:305:13: warning: 'MX_SPI1_Init' defined but not used [-Wunused-function]
  305 | static void MX_SPI1_Init(void)
      |             ^~~~~~~~~~~~
../Core/Src/main.c:267:13: warning: 'MX_DAC_Init' defined but not used [-Wunused-function]
  267 | static void MX_DAC_Init(void)
      |             ^~~~~~~~~~~
arm-none-eabi-gcc -o "IHateEverything3.elf" @"objects.list"   -mcpu=cortex-m3 -T"C:\Users\baer12\STM32CubeIDE\workspace_1.7.0\IHateEverything2\STM32L152ZCTX_FLASH.ld" --specs=nosys.specs -Wl,-Map="IHateEverything3.map" -Wl,--gc-sections -static --specs=nano.specs -mfloat-abi=soft -mthumb -Wl,--start-group -lc -lm -Wl,--end-group
Finished building target: IHateEverything3.elf
 
arm-none-eabi-size   IHateEverything3.elf 
arm-none-eabi-objdump -h -S  IHateEverything3.elf  > "IHateEverything3.list"
arm-none-eabi-objcopy  -O binary  IHateEverything3.elf  "IHateEverything3.bin"
   text	   data	    bss	    dec	    hex	filename
  39268	    192	  10672	  50132	   c3d4	IHateEverything3.elf
Finished building: default.size.stdout
 
Finished building: IHateEverything3.bin
 
Finished building: IHateEverything3.list
 
16:29:30 **** Incremental Build of configuration Debug for project IHateEverything3 ****
make -j8 all 
arm-none-eabi-gcc "../Core/Src/main.c" -mcpu=cortex-m3 -std=gnu11 -g3 -DDEBUG -DUSE_HAL_DRIVER -DSTM32L152xCA -c -I../Core/Inc -I../Drivers/STM32L1xx_HAL_Driver/Inc -I../Drivers/STM32L1xx_HAL_Driver/Inc/Legacy -I../Drivers/CMSIS/Device/ST/STM32L1xx/Include -I../Drivers/CMSIS/Include -I../FATFS/Target -I../FATFS/App -I../Middlewares/Third_Party/FatFs/src -O0 -ffunction-sections -fdata-sections -Wall -fstack-usage -MMD -MP -MF"Core/Src/main.d" -MT"Core/Src/main.o" --specs=nano.specs -mfloat-abi=soft -mthumb -o "Core/Src/main.o"
../Core/Src/main.c: In function 'main':
../Core/Src/main.c:209:6: warning: implicit declaration of function 'memcmp' [-Wimplicit-function-declaration]
  209 |  if (memcmp(recv, "-----", 5) != 0){
      |      ^~~~~~
../Core/Src/main.c:209:28: warning: 'memcmp' argument 3 type is 'int' where 'unsigned int' is expected in a call to built-in function declared without prototype [-Wbuiltin-declaration-mismatch]
  209 |  if (memcmp(recv, "-----", 5) != 0){
      |                            ^
<built-in>: note: built-in 'memcmp' declared here
At top level:
../Core/Src/main.c:630:13: warning: 'MX_DMA_Init' defined but not used [-Wunused-function]
  630 | static void MX_DMA_Init(void)
      |             ^~~~~~~~~~~
../Core/Src/main.c:599:13: warning: 'MX_USART1_UART_Init' defined but not used [-Wunused-function]
  599 | static void MX_USART1_UART_Init(void)
      |             ^~~~~~~~~~~~~~~~~~~
../Core/Src/main.c:509:13: warning: 'MX_TIM4_Init' defined but not used [-Wunused-function]
  509 | static void MX_TIM4_Init(void)
      |             ^~~~~~~~~~~~
../Core/Src/main.c:381:13: warning: 'MX_SPI3_Init' defined but not used [-Wunused-function]
  381 | static void MX_SPI3_Init(void)
      |             ^~~~~~~~~~~~
../Core/Src/main.c:343:13: warning: 'MX_SPI2_Init' defined but not used [-Wunused-function]
  343 | static void MX_SPI2_Init(void)
      |             ^~~~~~~~~~~~
../Core/Src/main.c:305:13: warning: 'MX_SPI1_Init' defined but not used [-Wunused-function]
  305 | static void MX_SPI1_Init(void)
      |             ^~~~~~~~~~~~
../Core/Src/main.c:267:13: warning: 'MX_DAC_Init' defined but not used [-Wunused-function]
  267 | static void MX_DAC_Init(void)
      |             ^~~~~~~~~~~
arm-none-eabi-gcc -o "IHateEverything3.elf" @"objects.list"   -mcpu=cortex-m3 -T"C:\Users\baer12\STM32CubeIDE\workspace_1.7.0\IHateEverything2\STM32L152ZCTX_FLASH.ld" --specs=nosys.specs -Wl,-Map="IHateEverything3.map" -Wl,--gc-sections -static --specs=nano.specs -mfloat-abi=soft -mthumb -Wl,--start-group -lc -lm -Wl,--end-group
Finished building target: IHateEverything3.elf
 
arm-none-eabi-size   IHateEverything3.elf 
arm-none-eabi-objdump -h -S  IHateEverything3.elf  > "IHateEverything3.list"
arm-none-eabi-objcopy  -O binary  IHateEverything3.elf  "IHateEverything3.bin"
   text	   data	    bss	    dec	    hex	filename
  39236	    192	  10672	  50100	   c3b4	IHateEverything3.elf
Finished building: IHateEverything3.list
Finished building: default.size.stdout
 
 
Finished building: IHateEverything3.bin
 
