main.c:89:6:HAL_DAC_ConvCpltCallbackCh1	16	static
main.c:95:6:HAL_DAC_ConvHalfCpltCallbackCh1	16	static
main.c:107:5:main	16	static
main.c:177:6:SystemClock_Config	80	static
main.c:219:13:MX_DAC_Init	16	static
main.c:257:13:MX_SPI1_Init	8	static
main.c:295:13:MX_SPI2_Init	8	static
main.c:333:13:MX_TIM2_Init	32	static
main.c:376:13:MX_DMA_Init	16	static
main.c:394:13:MX_GPIO_Init	40	static
main.c:436:6:HAL_TIM_PeriodElapsedCallback	16	static
main.c:453:6:Error_Handler	4	static,ignoring_inline_asm
