Archive member included to satisfy reference by file (symbol)

c:/st/stm32cubeide_1.7.0/stm32cubeide/plugins/com.st.stm32cube.ide.mcu.externaltools.gnu-tools-for-stm32.9-2020-q2-update.win32_2.0.0.202105311346/tools/bin/../lib/gcc/arm-none-eabi/9.3.1/../../../../arm-none-eabi/lib/thumb/v7-m/nofp\libc_nano.a(lib_a-errno.o)
                              ./Core/Src/syscalls.o (__errno)
c:/st/stm32cubeide_1.7.0/stm32cubeide/plugins/com.st.stm32cube.ide.mcu.externaltools.gnu-tools-for-stm32.9-2020-q2-update.win32_2.0.0.202105311346/tools/bin/../lib/gcc/arm-none-eabi/9.3.1/../../../../arm-none-eabi/lib/thumb/v7-m/nofp\libc_nano.a(lib_a-exit.o)
                              c:/st/stm32cubeide_1.7.0/stm32cubeide/plugins/com.st.stm32cube.ide.mcu.externaltools.gnu-tools-for-stm32.9-2020-q2-update.win32_2.0.0.202105311346/tools/bin/../lib/gcc/arm-none-eabi/9.3.1/../../../../arm-none-eabi/lib/thumb/v7-m/nofp/crt0.o (exit)
c:/st/stm32cubeide_1.7.0/stm32cubeide/plugins/com.st.stm32cube.ide.mcu.externaltools.gnu-tools-for-stm32.9-2020-q2-update.win32_2.0.0.202105311346/tools/bin/../lib/gcc/arm-none-eabi/9.3.1/../../../../arm-none-eabi/lib/thumb/v7-m/nofp\libc_nano.a(lib_a-impure.o)
                              c:/st/stm32cubeide_1.7.0/stm32cubeide/plugins/com.st.stm32cube.ide.mcu.externaltools.gnu-tools-for-stm32.9-2020-q2-update.win32_2.0.0.202105311346/tools/bin/../lib/gcc/arm-none-eabi/9.3.1/../../../../arm-none-eabi/lib/thumb/v7-m/nofp\libc_nano.a(lib_a-exit.o) (_global_impure_ptr)
c:/st/stm32cubeide_1.7.0/stm32cubeide/plugins/com.st.stm32cube.ide.mcu.externaltools.gnu-tools-for-stm32.9-2020-q2-update.win32_2.0.0.202105311346/tools/bin/../lib/gcc/arm-none-eabi/9.3.1/../../../../arm-none-eabi/lib/thumb/v7-m/nofp\libc_nano.a(lib_a-init.o)
                              c:/st/stm32cubeide_1.7.0/stm32cubeide/plugins/com.st.stm32cube.ide.mcu.externaltools.gnu-tools-for-stm32.9-2020-q2-update.win32_2.0.0.202105311346/tools/bin/../lib/gcc/arm-none-eabi/9.3.1/../../../../arm-none-eabi/lib/thumb/v7-m/nofp/crt0.o (__libc_init_array)
c:/st/stm32cubeide_1.7.0/stm32cubeide/plugins/com.st.stm32cube.ide.mcu.externaltools.gnu-tools-for-stm32.9-2020-q2-update.win32_2.0.0.202105311346/tools/bin/../lib/gcc/arm-none-eabi/9.3.1/../../../../arm-none-eabi/lib/thumb/v7-m/nofp\libc_nano.a(lib_a-memcmp.o)
                              ./Core/Src/tracker.o (memcmp)
c:/st/stm32cubeide_1.7.0/stm32cubeide/plugins/com.st.stm32cube.ide.mcu.externaltools.gnu-tools-for-stm32.9-2020-q2-update.win32_2.0.0.202105311346/tools/bin/../lib/gcc/arm-none-eabi/9.3.1/../../../../arm-none-eabi/lib/thumb/v7-m/nofp\libc_nano.a(lib_a-memset.o)
                              c:/st/stm32cubeide_1.7.0/stm32cubeide/plugins/com.st.stm32cube.ide.mcu.externaltools.gnu-tools-for-stm32.9-2020-q2-update.win32_2.0.0.202105311346/tools/bin/../lib/gcc/arm-none-eabi/9.3.1/../../../../arm-none-eabi/lib/thumb/v7-m/nofp/crt0.o (memset)
c:/st/stm32cubeide_1.7.0/stm32cubeide/plugins/com.st.stm32cube.ide.mcu.externaltools.gnu-tools-for-stm32.9-2020-q2-update.win32_2.0.0.202105311346/tools/bin/../lib/gcc/arm-none-eabi/9.3.1/thumb/v7-m/nofp\libgcc.a(_aeabi_uldivmod.o)
                              ./Drivers/STM32L1xx_HAL_Driver/Src/stm32l1xx_hal_rcc.o (__aeabi_uldivmod)
c:/st/stm32cubeide_1.7.0/stm32cubeide/plugins/com.st.stm32cube.ide.mcu.externaltools.gnu-tools-for-stm32.9-2020-q2-update.win32_2.0.0.202105311346/tools/bin/../lib/gcc/arm-none-eabi/9.3.1/thumb/v7-m/nofp\libgcc.a(_udivmoddi4.o)
                              c:/st/stm32cubeide_1.7.0/stm32cubeide/plugins/com.st.stm32cube.ide.mcu.externaltools.gnu-tools-for-stm32.9-2020-q2-update.win32_2.0.0.202105311346/tools/bin/../lib/gcc/arm-none-eabi/9.3.1/thumb/v7-m/nofp\libgcc.a(_aeabi_uldivmod.o) (__udivmoddi4)
c:/st/stm32cubeide_1.7.0/stm32cubeide/plugins/com.st.stm32cube.ide.mcu.externaltools.gnu-tools-for-stm32.9-2020-q2-update.win32_2.0.0.202105311346/tools/bin/../lib/gcc/arm-none-eabi/9.3.1/thumb/v7-m/nofp\libgcc.a(_dvmd_tls.o)
                              c:/st/stm32cubeide_1.7.0/stm32cubeide/plugins/com.st.stm32cube.ide.mcu.externaltools.gnu-tools-for-stm32.9-2020-q2-update.win32_2.0.0.202105311346/tools/bin/../lib/gcc/arm-none-eabi/9.3.1/thumb/v7-m/nofp\libgcc.a(_aeabi_uldivmod.o) (__aeabi_ldiv0)

Allocating common symbols
Common symbol       size              file

USERPath            0x4               ./FATFS/App/fatfs.o
Button1DebounceTimer
                    0x4               ./Core/Src/button.o
hspi2               0x58              ./Core/Src/main.o
htim4               0x40              ./Core/Src/main.o
spiTimerTickStart   0x4               ./FATFS/Target/user_diskio_spi.o
uwTick              0x4               ./Drivers/STM32L1xx_HAL_Driver/Src/stm32l1xx_hal.o
pFlash              0x18              ./Drivers/STM32L1xx_HAL_Driver/Src/stm32l1xx_hal_flash.o
htim5               0x40              ./Core/Src/main.o
htim3               0x40              ./Core/Src/main.o
hspi3               0x58              ./Core/Src/main.o
[...]
Memory Configuration

Name             Origin             Length             Attributes
RAM              0x0000000020000000 0x0000000000008000 xrw
FLASH            0x0000000008000000 0x0000000000040000 xr
*default*        0x0000000000000000 0xffffffffffffffff

Linker script and memory map

LOAD c:/st/stm32cubeide_1.7.0/stm32cubeide/plugins/com.st.stm32cube.ide.mcu.externaltools.gnu-tools-for-stm32.9-2020-q2-update.win32_2.0.0.202105311346/tools/bin/../lib/gcc/arm-none-eabi/9.3.1/thumb/v7-m/nofp/crti.o
LOAD c:/st/stm32cubeide_1.7.0/stm32cubeide/plugins/com.st.stm32cube.ide.mcu.externaltools.gnu-tools-for-stm32.9-2020-q2-update.win32_2.0.0.202105311346/tools/bin/../lib/gcc/arm-none-eabi/9.3.1/thumb/v7-m/nofp/crtbegin.o
LOAD c:/st/stm32cubeide_1.7.0/stm32cubeide/plugins/com.st.stm32cube.ide.mcu.externaltools.gnu-tools-for-stm32.9-2020-q2-update.win32_2.0.0.202105311346/tools/bin/../lib/gcc/arm-none-eabi/9.3.1/../../../../arm-none-eabi/lib/thumb/v7-m/nofp/crt0.o
LOAD ./Core/Src/button.o
LOAD ./Core/Src/leds.o
LOAD ./Core/Src/main.o
LOAD ./Core/Src/pathfinder.o
LOAD ./Core/Src/speaker.o
LOAD ./Core/Src/stm32l1xx_hal_msp.o
LOAD ./Core/Src/stm32l1xx_it.o
LOAD ./Core/Src/syscalls.o
LOAD ./Core/Src/sysmem.o
LOAD ./Core/Src/system_stm32l1xx.o
LOAD ./Core/Src/tracker.o
LOAD ./Core/Src/uart.o
LOAD ./Core/Src/waveplayer.o
LOAD ./Core/Startup/startup_stm32l152zctx.o
LOAD ./Drivers/STM32L1xx_HAL_Driver/Src/stm32l1xx_hal.o
LOAD ./Drivers/STM32L1xx_HAL_Driver/Src/stm32l1xx_hal_cortex.o
LOAD ./Drivers/STM32L1xx_HAL_Driver/Src/stm32l1xx_hal_dac.o
LOAD ./Drivers/STM32L1xx_HAL_Driver/Src/stm32l1xx_hal_dac_ex.o
LOAD ./Drivers/STM32L1xx_HAL_Driver/Src/stm32l1xx_hal_dma.o
LOAD ./Drivers/STM32L1xx_HAL_Driver/Src/stm32l1xx_hal_exti.o
LOAD ./Drivers/STM32L1xx_HAL_Driver/Src/stm32l1xx_hal_flash.o
LOAD ./Drivers/STM32L1xx_HAL_Driver/Src/stm32l1xx_hal_flash_ex.o
LOAD ./Drivers/STM32L1xx_HAL_Driver/Src/stm32l1xx_hal_flash_ramfunc.o
LOAD ./Drivers/STM32L1xx_HAL_Driver/Src/stm32l1xx_hal_gpio.o
LOAD ./Drivers/STM32L1xx_HAL_Driver/Src/stm32l1xx_hal_pwr.o
LOAD ./Drivers/STM32L1xx_HAL_Driver/Src/stm32l1xx_hal_pwr_ex.o
LOAD ./Drivers/STM32L1xx_HAL_Driver/Src/stm32l1xx_hal_rcc.o
LOAD ./Drivers/STM32L1xx_HAL_Driver/Src/stm32l1xx_hal_rcc_ex.o
LOAD ./Drivers/STM32L1xx_HAL_Driver/Src/stm32l1xx_hal_spi.o
LOAD ./Drivers/STM32L1xx_HAL_Driver/Src/stm32l1xx_hal_tim.o
LOAD ./Drivers/STM32L1xx_HAL_Driver/Src/stm32l1xx_hal_tim_ex.o
LOAD ./Drivers/STM32L1xx_HAL_Driver/Src/stm32l1xx_hal_uart.o
LOAD ./FATFS/App/fatfs.o
LOAD ./FATFS/Target/user_diskio.o
LOAD ./FATFS/Target/user_diskio_spi.o
LOAD ./Middlewares/Third_Party/FatFs/src/diskio.o
LOAD ./Middlewares/Third_Party/FatFs/src/ff.o
LOAD ./Middlewares/Third_Party/FatFs/src/ff_gen_drv.o
LOAD ./Middlewares/Third_Party/FatFs/src/option/syscall.o
START GROUP
LOAD c:/st/stm32cubeide_1.7.0/stm32cubeide/plugins/com.st.stm32cube.ide.mcu.externaltools.gnu-tools-for-stm32.9-2020-q2-update.win32_2.0.0.202105311346/tools/bin/../lib/gcc/arm-none-eabi/9.3.1/../../../../arm-none-eabi/lib/thumb/v7-m/nofp\libc_nano.a
LOAD c:/st/stm32cubeide_1.7.0/stm32cubeide/plugins/com.st.stm32cube.ide.mcu.externaltools.gnu-tools-for-stm32.9-2020-q2-update.win32_2.0.0.202105311346/tools/bin/../lib/gcc/arm-none-eabi/9.3.1/../../../../arm-none-eabi/lib/thumb/v7-m/nofp\libm.a
END GROUP
START GROUP
LOAD c:/st/stm32cubeide_1.7.0/stm32cubeide/plugins/com.st.stm32cube.ide.mcu.externaltools.gnu-tools-for-stm32.9-2020-q2-update.win32_2.0.0.202105311346/tools/bin/../lib/gcc/arm-none-eabi/9.3.1/thumb/v7-m/nofp\libgcc.a
LOAD c:/st/stm32cubeide_1.7.0/stm32cubeide/plugins/com.st.stm32cube.ide.mcu.externaltools.gnu-tools-for-stm32.9-2020-q2-update.win32_2.0.0.202105311346/tools/bin/../lib/gcc/arm-none-eabi/9.3.1/../../../../arm-none-eabi/lib/thumb/v7-m/nofp\libc_nano.a
END GROUP
START GROUP
LOAD c:/st/stm32cubeide_1.7.0/stm32cubeide/plugins/com.st.stm32cube.ide.mcu.externaltools.gnu-tools-for-stm32.9-2020-q2-update.win32_2.0.0.202105311346/tools/bin/../lib/gcc/arm-none-eabi/9.3.1/thumb/v7-m/nofp\libgcc.a
LOAD c:/st/stm32cubeide_1.7.0/stm32cubeide/plugins/com.st.stm32cube.ide.mcu.externaltools.gnu-tools-for-stm32.9-2020-q2-update.win32_2.0.0.202105311346/tools/bin/../lib/gcc/arm-none-eabi/9.3.1/../../../../arm-none-eabi/lib/thumb/v7-m/nofp\libc_nano.a
LOAD c:/st/stm32cubeide_1.7.0/stm32cubeide/plugins/com.st.stm32cube.ide.mcu.externaltools.gnu-tools-for-stm32.9-2020-q2-update.win32_2.0.0.202105311346/tools/bin/../lib/gcc/arm-none-eabi/9.3.1/../../../../arm-none-eabi/lib/thumb/v7-m/nofp\libnosys.a
END GROUP
START GROUP
LOAD c:/st/stm32cubeide_1.7.0/stm32cubeide/plugins/com.st.stm32cube.ide.mcu.externaltools.gnu-tools-for-stm32.9-2020-q2-update.win32_2.0.0.202105311346/tools/bin/../lib/gcc/arm-none-eabi/9.3.1/thumb/v7-m/nofp\libgcc.a
LOAD c:/st/stm32cubeide_1.7.0/stm32cubeide/plugins/com.st.stm32cube.ide.mcu.externaltools.gnu-tools-for-stm32.9-2020-q2-update.win32_2.0.0.202105311346/tools/bin/../lib/gcc/arm-none-eabi/9.3.1/../../../../arm-none-eabi/lib/thumb/v7-m/nofp\libc_nano.a
LOAD c:/st/stm32cubeide_1.7.0/stm32cubeide/plugins/com.st.stm32cube.ide.mcu.externaltools.gnu-tools-for-stm32.9-2020-q2-update.win32_2.0.0.202105311346/tools/bin/../lib/gcc/arm-none-eabi/9.3.1/../../../../arm-none-eabi/lib/thumb/v7-m/nofp\libnosys.a
END GROUP
LOAD c:/st/stm32cubeide_1.7.0/stm32cubeide/plugins/com.st.stm32cube.ide.mcu.externaltools.gnu-tools-for-stm32.9-2020-q2-update.win32_2.0.0.202105311346/tools/bin/../lib/gcc/arm-none-eabi/9.3.1/thumb/v7-m/nofp/crtend.o
LOAD c:/st/stm32cubeide_1.7.0/stm32cubeide/plugins/com.st.stm32cube.ide.mcu.externaltools.gnu-tools-for-stm32.9-2020-q2-update.win32_2.0.0.202105311346/tools/bin/../lib/gcc/arm-none-eabi/9.3.1/thumb/v7-m/nofp/crtn.o
                0x0000000020008000                _estack = (ORIGIN (RAM) + LENGTH (RAM))
                0x0000000000000200                _Min_Heap_Size = 0x200
                0x0000000000000400                _Min_Stack_Size = 0x400

.isr_vector     0x0000000008000000      0x13c
                0x0000000008000000                . = ALIGN (0x4)
 *(.isr_vector)
 .isr_vector    0x0000000008000000      0x13c ./Core/Startup/startup_stm32l152zctx.o
                0x0000000008000000                g_pfnVectors
                0x000000000800013c                . = ALIGN (0x4)

.text           0x000000000800013c     0x9d94
                0x000000000800013c                . = ALIGN (0x4)
 *(.text)
 .text          0x000000000800013c       0x40 c:/st/stm32cubeide_1.7.0/stm32cubeide/plugins/com.st.stm32cube.ide.mcu.externaltools.gnu-tools-for-stm32.9-2020-q2-update.win32_2.0.0.202105311346/tools/bin/../lib/gcc/arm-none-eabi/9.3.1/thumb/v7-m/nofp/crtbegin.o
 .text          0x000000000800017c       0x30 c:/st/stm32cubeide_1.7.0/stm32cubeide/plugins/com.st.stm32cube.ide.mcu.externaltools.gnu-tools-for-stm32.9-2020-q2-update.win32_2.0.0.202105311346/tools/bin/../lib/gcc/arm-none-eabi/9.3.1/thumb/v7-m/nofp\libgcc.a(_aeabi_uldivmod.o)
                0x000000000800017c                __aeabi_uldivmod
 .text          0x00000000080001ac      0x2c4 c:/st/stm32cubeide_1.7.0/stm32cubeide/plugins/com.st.stm32cube.ide.mcu.externaltools.gnu-tools-for-stm32.9-2020-q2-update.win32_2.0.0.202105311346/tools/bin/../lib/gcc/arm-none-eabi/9.3.1/thumb/v7-m/nofp\libgcc.a(_udivmoddi4.o)
                0x00000000080001ac                __udivmoddi4
 .text          0x0000000008000470        0x4 c:/st/stm32cubeide_1.7.0/stm32cubeide/plugins/com.st.stm32cube.ide.mcu.externaltools.gnu-tools-for-stm32.9-2020-q2-update.win32_2.0.0.202105311346/tools/bin/../lib/gcc/arm-none-eabi/9.3.1/thumb/v7-m/nofp\libgcc.a(_dvmd_tls.o)
                0x0000000008000470                __aeabi_idiv0
                0x0000000008000470                __aeabi_ldiv0
 *(.text*)
 .text.InitButtons
                0x0000000008000474       0x34 ./Core/Src/button.o
                0x0000000008000474                InitButtons
 .text.Button1DebounceTimerCallback
                0x00000000080004a8       0x30 ./Core/Src/button.o
                0x00000000080004a8                Button1DebounceTimerCallback
 .text.Button2DebounceTimerCallback
                0x00000000080004d8       0x30 ./Core/Src/button.o
                0x00000000080004d8                Button2DebounceTimerCallback
 .text.Button1Callback
                0x0000000008000508       0x18 ./Core/Src/button.o
                0x0000000008000508                Button1Callback
 .text.Button2Callback
                0x0000000008000520       0x18 ./Core/Src/button.o
                0x0000000008000520                Button2Callback
 .text.OnButton1Press
                0x0000000008000538       0x18 ./Core/Src/button.o
 .text.OnButton2Press
                0x0000000008000550       0x18 ./Core/Src/button.o
 .text.GetLastButtonPressed
                0x0000000008000568       0x14 ./Core/Src/button.o
                0x0000000008000568                GetLastButtonPressed
 .text.enableHex
                0x000000000800057c       0x1a ./Core/Src/leds.o
                0x000000000800057c                enableHex
 .text.setIntensity
                0x0000000008000596       0x20 ./Core/Src/leds.o
                0x0000000008000596                setIntensity
 .text.setScanLimit
                0x00000000080005b6       0x20 ./Core/Src/leds.o
                0x00000000080005b6                setScanLimit
 .text.enableOutput
                0x00000000080005d6       0x1a ./Core/Src/leds.o
                0x00000000080005d6                enableOutput
 .text.disableOutput
                0x00000000080005f0       0x1a ./Core/Src/leds.o
                0x00000000080005f0                disableOutput
 *fill*         0x000000000800060a        0x2 
 .text.writeTime
                0x000000000800060c      0x14c ./Core/Src/leds.o
                0x000000000800060c                writeTime
 .text.LEDSInit
                0x0000000008000758      0x124 ./Core/Src/leds.o
                0x0000000008000758                LEDSInit
 .text.ChessTimerLEDInit
                0x000000000800087c       0x2c ./Core/Src/leds.o
                0x000000000800087c                ChessTimerLEDInit
 .text.BoardLEDInit
                0x00000000080008a8       0x26 ./Core/Src/leds.o
                0x00000000080008a8                BoardLEDInit
 .text.writeBoardValue
                0x00000000080008ce       0x82 ./Core/Src/leds.o
                0x00000000080008ce                writeBoardValue
 .text.writeHexVal
                0x0000000008000950       0xb4 ./Core/Src/leds.o
                0x0000000008000950                writeHexVal
 .text.main     0x0000000008000a04      0x198 ./Core/Src/main.o
                0x0000000008000a04                main
 .text.SystemClock_Config
                0x0000000008000b9c       0x9c ./Core/Src/main.o
                0x0000000008000b9c                SystemClock_Config
 .text.MX_TIM2_Init
                0x0000000008000c38       0x98 ./Core/Src/main.o
 .text.MX_TIM3_Init
                0x0000000008000cd0       0x9c ./Core/Src/main.o
 .text.MX_TIM5_Init
                0x0000000008000d6c       0x9c ./Core/Src/main.o
 .text.MX_GPIO_Init
                0x0000000008000e08      0x1dc ./Core/Src/main.o
 .text.HAL_TIM_PeriodElapsedCallback
                0x0000000008000fe4       0x60 ./Core/Src/main.o
                0x0000000008000fe4                HAL_TIM_PeriodElapsedCallback
 .text.HAL_GPIO_EXTI_Callback
                0x0000000008001044       0x2c ./Core/Src/main.o
                0x0000000008001044                HAL_GPIO_EXTI_Callback
 .text.Error_Handler
                0x0000000008001070        0xa ./Core/Src/main.o
                0x0000000008001070                Error_Handler
 *fill*         0x000000000800107a        0x2 
 .text.CalculateTeamsLegalMoves
                0x000000000800107c      0x148 ./Core/Src/pathfinder.o
                0x000000000800107c                CalculateTeamsLegalMoves
 .text.IsLegalMove
                0x00000000080011c4       0xf0 ./Core/Src/pathfinder.o
                0x00000000080011c4                IsLegalMove
 .text.CalculateAllLegalPathsAndChecks
                0x00000000080012b4       0x20 ./Core/Src/pathfinder.o
                0x00000000080012b4                CalculateAllLegalPathsAndChecks
 .text.CalculateAllLegalPathsNoChecks
                0x00000000080012d4       0x20 ./Core/Src/pathfinder.o
 .text.CalculateAllLegalPaths
                0x00000000080012f4      0x144 ./Core/Src/pathfinder.o
 .text.CalculateAllPaths
                0x0000000008001438       0x8c ./Core/Src/pathfinder.o
 .text.CalculateAllPathsPawn
                0x00000000080014c4       0xf6 ./Core/Src/pathfinder.o
 .text.CalculateAllPathsRook
                0x00000000080015ba       0x92 ./Core/Src/pathfinder.o
 .text.CalculateAllPathsBishop
                0x000000000800164c      0x182 ./Core/Src/pathfinder.o
 *fill*         0x00000000080017ce        0x2 
 .text.CalculateAllPathsKnight
                0x00000000080017d0       0xbc ./Core/Src/pathfinder.o
 .text.CalculateAllPathsQueen
                0x000000000800188c       0xf4 ./Core/Src/pathfinder.o
 .text.CalculateAllPathsKing
                0x0000000008001980       0xa6 ./Core/Src/pathfinder.o
 *fill*         0x0000000008001a26        0x2 
 .text.IsPieceBlockingStraight
                0x0000000008001a28       0xb8 ./Core/Src/pathfinder.o
 .text.WillResultInSelfCheck
                0x0000000008001ae0      0x158 ./Core/Src/pathfinder.o
                0x0000000008001ae0                WillResultInSelfCheck
 .text.GetPiecesForTeam
                0x0000000008001c38       0x84 ./Core/Src/pathfinder.o
 .text.IsPieceBlockingDiagonal
                0x0000000008001cbc       0x98 ./Core/Src/pathfinder.o
 .text.CalculateCastlingPositions
                0x0000000008001d54       0x7e ./Core/Src/pathfinder.o
                0x0000000008001d54                CalculateCastlingPositions
 .text.IsValidCoordinate
                0x0000000008001dd2       0x3a ./Core/Src/pathfinder.o
 .text.IsPieceMovingStraight
                0x0000000008001e0c       0x2c ./Core/Src/pathfinder.o
 .text.IsPieceMovingDiagonal
                0x0000000008001e38       0x44 ./Core/Src/pathfinder.o
 .text.IsPieceCoordinateSameTeam
                0x0000000008001e7c       0x22 ./Core/Src/pathfinder.o
 *fill*         0x0000000008001e9e        0x2 
 .text.SpeakerGPIOInit
                0x0000000008001ea0       0x44 ./Core/Src/speaker.o
                0x0000000008001ea0                SpeakerGPIOInit
 .text.DACInit  0x0000000008001ee4       0x5c ./Core/Src/speaker.o
                0x0000000008001ee4                DACInit
 .text.DMAInit  0x0000000008001f40       0x3c ./Core/Src/speaker.o
                0x0000000008001f40                DMAInit
 .text.TimerInit
                0x0000000008001f7c       0x80 ./Core/Src/speaker.o
                0x0000000008001f7c                TimerInit
 .text.SpeakerInit
                0x0000000008001ffc       0x2c ./Core/Src/speaker.o
                0x0000000008001ffc                SpeakerInit
 .text.HAL_MspInit
                0x0000000008002028       0x5c ./Core/Src/stm32l1xx_hal_msp.o
                0x0000000008002028                HAL_MspInit
 .text.HAL_DAC_MspInit
                0x0000000008002084       0xd4 ./Core/Src/stm32l1xx_hal_msp.o
                0x0000000008002084                HAL_DAC_MspInit
 .text.HAL_SPI_MspInit
                0x0000000008002158      0x190 ./Core/Src/stm32l1xx_hal_msp.o
                0x0000000008002158                HAL_SPI_MspInit
 .text.HAL_TIM_Base_MspInit
                0x00000000080022e8       0xf0 ./Core/Src/stm32l1xx_hal_msp.o
                0x00000000080022e8                HAL_TIM_Base_MspInit
 .text.HAL_UART_MspInit
                0x00000000080023d8       0x88 ./Core/Src/stm32l1xx_hal_msp.o
                0x00000000080023d8                HAL_UART_MspInit
 .text.NMI_Handler
                0x0000000008002460        0x6 ./Core/Src/stm32l1xx_it.o
                0x0000000008002460                NMI_Handler
 .text.HardFault_Handler
                0x0000000008002466        0x6 ./Core/Src/stm32l1xx_it.o
                0x0000000008002466                HardFault_Handler
 .text.MemManage_Handler
                0x000000000800246c        0x6 ./Core/Src/stm32l1xx_it.o
                0x000000000800246c                MemManage_Handler
 .text.BusFault_Handler
                0x0000000008002472        0x6 ./Core/Src/stm32l1xx_it.o
                0x0000000008002472                BusFault_Handler
 .text.UsageFault_Handler
                0x0000000008002478        0x6 ./Core/Src/stm32l1xx_it.o
                0x0000000008002478                UsageFault_Handler
 .text.SVC_Handler
                0x000000000800247e        0xc ./Core/Src/stm32l1xx_it.o
                0x000000000800247e                SVC_Handler
 .text.DebugMon_Handler
                0x000000000800248a        0xc ./Core/Src/stm32l1xx_it.o
                0x000000000800248a                DebugMon_Handler
 .text.PendSV_Handler
                0x0000000008002496        0xc ./Core/Src/stm32l1xx_it.o
                0x0000000008002496                PendSV_Handler
 .text.SysTick_Handler
                0x00000000080024a2        0xc ./Core/Src/stm32l1xx_it.o
                0x00000000080024a2                SysTick_Handler
 *fill*         0x00000000080024ae        0x2 
 .text.DMA1_Channel3_IRQHandler
                0x00000000080024b0       0x14 ./Core/Src/stm32l1xx_it.o
                0x00000000080024b0                DMA1_Channel3_IRQHandler
 .text.TIM2_IRQHandler
                0x00000000080024c4       0x14 ./Core/Src/stm32l1xx_it.o
                0x00000000080024c4                TIM2_IRQHandler
 .text.TIM3_IRQHandler
                0x00000000080024d8       0x14 ./Core/Src/stm32l1xx_it.o
                0x00000000080024d8                TIM3_IRQHandler
 .text.TIM4_IRQHandler
                0x00000000080024ec       0x14 ./Core/Src/stm32l1xx_it.o
                0x00000000080024ec                TIM4_IRQHandler
 .text.EXTI15_10_IRQHandler
                0x0000000008002500       0x18 ./Core/Src/stm32l1xx_it.o
                0x0000000008002500                EXTI15_10_IRQHandler
 .text.TIM5_IRQHandler
                0x0000000008002518       0x14 ./Core/Src/stm32l1xx_it.o
                0x0000000008002518                TIM5_IRQHandler
 .text.SystemInit
                0x000000000800252c        0xc ./Core/Src/system_stm32l1xx.o
                0x000000000800252c                SystemInit
 .text.InitTracker
                0x0000000008002538      0x158 ./Core/Src/tracker.o
                0x0000000008002538                InitTracker
 .text.WriteColumn
                0x0000000008002690       0x5c ./Core/Src/tracker.o
 .text.ReadRow  0x00000000080026ec       0x38 ./Core/Src/tracker.o
 .text.Track    0x0000000008002724       0xa8 ./Core/Src/tracker.o
                0x0000000008002724                Track
 .text.AppendHistory
                0x00000000080027cc       0x7c ./Core/Src/tracker.o
 .text.IsHistoryConsensus
                0x0000000008002848       0x64 ./Core/Src/tracker.o
 .text.HandlePlace
                0x00000000080028ac       0xb0 ./Core/Src/tracker.o
 .text.HandlePlaceIllegalState
                0x000000000800295c       0x88 ./Core/Src/tracker.o
 .text.HandlePlaceNoMove
                0x00000000080029e4       0x2c ./Core/Src/tracker.o
 .text.HandlePlaceKill
                0x0000000008002a10      0x188 ./Core/Src/tracker.o
 .text.HandlePlaceCastling
                0x0000000008002b98       0xe0 ./Core/Src/tracker.o
 .text.HandlePlaceMove
                0x0000000008002c78      0x170 ./Core/Src/tracker.o
 .text.HandlePlacePreemptPromotion
                0x0000000008002de8       0x24 ./Core/Src/tracker.o
 .text.HandlePlacePromotion
                0x0000000008002e0c       0x70 ./Core/Src/tracker.o
 .text.HandlePickup
                0x0000000008002e7c       0xb0 ./Core/Src/tracker.o
 .text.HandlePickupIllegalState
                0x0000000008002f2c       0x84 ./Core/Src/tracker.o
 .text.HandlePickupPreemptKill
                0x0000000008002fb0       0x1c ./Core/Src/tracker.o
 .text.HandlePickupKill
                0x0000000008002fcc       0x68 ./Core/Src/tracker.o
 .text.HandlePickupCastling
                0x0000000008003034       0xdc ./Core/Src/tracker.o
 .text.HandlePickupPromotion
                0x0000000008003110       0x34 ./Core/Src/tracker.o
 .text.HandlePickupMove
                0x0000000008003144       0x70 ./Core/Src/tracker.o
 .text.IlluminatePieceCoordinates
                0x00000000080031b4       0x7c ./Core/Src/tracker.o
 .text.IlluminateCoordinates
                0x0000000008003230       0x80 ./Core/Src/tracker.o
 .text.AddIllegalPiece
                0x00000000080032b0      0x110 ./Core/Src/tracker.o
 .text.RemoveIllegalPiece
                0x00000000080033c0       0xe8 ./Core/Src/tracker.o
 .text.CheckChessboardValidity
                0x00000000080034a8       0x28 ./Core/Src/tracker.o
 .text.ValidateKill
                0x00000000080034d0       0x38 ./Core/Src/tracker.o
 .text.ValidateMove
                0x0000000008003508       0x1c ./Core/Src/tracker.o
 .text.ValidateCastling
                0x0000000008003524       0xa4 ./Core/Src/tracker.o
 .text.ValidateStartPositions
                0x00000000080035c8      0x10c ./Core/Src/tracker.o
                0x00000000080035c8                ValidateStartPositions
 .text.EndTurn  0x00000000080036d4       0x58 ./Core/Src/tracker.o
 .text.CheckForPromotion
                0x000000000800372c       0x6c ./Core/Src/tracker.o
 .text.UpdateCastleFlags
                0x0000000008003798       0xd4 ./Core/Src/tracker.o
 .text.GetPiecesForTeam
                0x000000000800386c       0x90 ./Core/Src/tracker.o
 .text.PawnReachedEnd
                0x00000000080038fc       0x48 ./Core/Src/tracker.o
 .text.PieceExists
                0x0000000008003944       0x2c ./Core/Src/tracker.o
 .text.ClearPiece
                0x0000000008003970       0x20 ./Core/Src/tracker.o
 .text.SetPiece
                0x0000000008003990       0x30 ./Core/Src/tracker.o
 .text.SetPieceCoordinate
                0x00000000080039c0       0x28 ./Core/Src/tracker.o
 .text.GetPiece
                0x00000000080039e8       0x3c ./Core/Src/tracker.o
                0x00000000080039e8                GetPiece
 .text.GetPieceCoordinate
                0x0000000008003a24       0x4e ./Core/Src/tracker.o
                0x0000000008003a24                GetPieceCoordinate
 *fill*         0x0000000008003a72        0x2 
 .text.DidSameTeamPickupLast
                0x0000000008003a74       0x34 ./Core/Src/tracker.o
 .text.IsPieceEqual
                0x0000000008003aa8       0x2c ./Core/Src/tracker.o
                0x0000000008003aa8                IsPieceEqual
 .text.IsPiecePresent
                0x0000000008003ad4       0x38 ./Core/Src/tracker.o
                0x0000000008003ad4                IsPiecePresent
 .text.IsPieceCoordinateEqual
                0x0000000008003b0c       0x38 ./Core/Src/tracker.o
                0x0000000008003b0c                IsPieceCoordinateEqual
 .text.IsPieceCoordinateSamePosition
                0x0000000008003b44       0x2c ./Core/Src/tracker.o
                0x0000000008003b44                IsPieceCoordinateSamePosition
 .text.EnableUart
                0x0000000008003b70       0x4c ./Core/Src/uart.o
                0x0000000008003b70                EnableUart
 .text.sendData
                0x0000000008003bbc       0x40 ./Core/Src/uart.o
                0x0000000008003bbc                sendData
 .text.sendMove
                0x0000000008003bfc       0x1e ./Core/Src/uart.o
                0x0000000008003bfc                sendMove
 .text.sendStart
                0x0000000008003c1a       0x30 ./Core/Src/uart.o
                0x0000000008003c1a                sendStart
 .text.sendDifficulty
                0x0000000008003c4a       0x54 ./Core/Src/uart.o
                0x0000000008003c4a                sendDifficulty
 .text.receiveData
                0x0000000008003c9e       0x20 ./Core/Src/uart.o
                0x0000000008003c9e                receiveData
 *fill*         0x0000000008003cbe        0x2 
 .text.ResetAudio
                0x0000000008003cc0       0x2c ./Core/Src/waveplayer.o
 .text.GetFile  0x0000000008003cec       0x50 ./Core/Src/waveplayer.o
                0x0000000008003cec                GetFile
 .text.PlayAudio
                0x0000000008003d3c       0x70 ./Core/Src/waveplayer.o
                0x0000000008003d3c                PlayAudio
 .text.ProcessAudio
                0x0000000008003dac       0xf0 ./Core/Src/waveplayer.o
                0x0000000008003dac                ProcessAudio
 .text.GetAudioStatus
                0x0000000008003e9c       0x14 ./Core/Src/waveplayer.o
                0x0000000008003e9c                GetAudioStatus
 .text.HAL_DACEx_ConvCpltCallbackCh2
                0x0000000008003eb0       0x1c ./Core/Src/waveplayer.o
                0x0000000008003eb0                HAL_DACEx_ConvCpltCallbackCh2
 .text.HAL_DACEx_ConvHalfCpltCallbackCh2
                0x0000000008003ecc       0x1c ./Core/Src/waveplayer.o
                0x0000000008003ecc                HAL_DACEx_ConvHalfCpltCallbackCh2
 .text.HAL_DAC_ConvCpltCallbackCh1
                0x0000000008003ee8       0x1c ./Core/Src/waveplayer.o
                0x0000000008003ee8                HAL_DAC_ConvCpltCallbackCh1
 .text.HAL_DAC_ConvHalfCpltCallbackCh1
                0x0000000008003f04       0x1c ./Core/Src/waveplayer.o
                0x0000000008003f04                HAL_DAC_ConvHalfCpltCallbackCh1
 .text.WaveplayerInit
                0x0000000008003f20       0xd4 ./Core/Src/waveplayer.o
                0x0000000008003f20                WaveplayerInit
 .text.prepAudio
                0x0000000008003ff4       0x40 ./Core/Src/waveplayer.o
                0x0000000008003ff4                prepAudio
 .text.resetAudio
                0x0000000008004034       0x28 ./Core/Src/waveplayer.o
                0x0000000008004034                resetAudio
 .text.Reset_Handler
                0x000000000800405c       0x48 ./Core/Startup/startup_stm32l152zctx.o
                0x000000000800405c                Reset_Handler
 .text.Default_Handler
                0x00000000080040a4        0x2 ./Core/Startup/startup_stm32l152zctx.o
                0x00000000080040a4                RTC_Alarm_IRQHandler
                0x00000000080040a4                EXTI2_IRQHandler
                0x00000000080040a4                COMP_ACQ_IRQHandler
                0x00000000080040a4                TIM10_IRQHandler
                0x00000000080040a4                USB_HP_IRQHandler
                0x00000000080040a4                TIM6_IRQHandler
                0x00000000080040a4                PVD_IRQHandler
                0x00000000080040a4                EXTI3_IRQHandler
                0x00000000080040a4                EXTI0_IRQHandler
                0x00000000080040a4                I2C2_EV_IRQHandler
                0x00000000080040a4                SPI1_IRQHandler
                0x00000000080040a4                USB_FS_WKUP_IRQHandler
                0x00000000080040a4                DMA2_Channel2_IRQHandler
                0x00000000080040a4                DMA1_Channel4_IRQHandler
                0x00000000080040a4                ADC1_IRQHandler
                0x00000000080040a4                USART3_IRQHandler
                0x00000000080040a4                DMA1_Channel7_IRQHandler
                0x00000000080040a4                LCD_IRQHandler
                0x00000000080040a4                DMA2_Channel1_IRQHandler
                0x00000000080040a4                I2C1_EV_IRQHandler
                0x00000000080040a4                DMA1_Channel6_IRQHandler
                0x00000000080040a4                DMA2_Channel4_IRQHandler
                0x00000000080040a4                RCC_IRQHandler
                0x00000000080040a4                DMA1_Channel1_IRQHandler
                0x00000000080040a4                Default_Handler
                0x00000000080040a4                TIM7_IRQHandler
                0x00000000080040a4                EXTI9_5_IRQHandler
                0x00000000080040a4                TIM9_IRQHandler
                0x00000000080040a4                TAMPER_STAMP_IRQHandler
                0x00000000080040a4                RTC_WKUP_IRQHandler
                0x00000000080040a4                SPI2_IRQHandler
                0x00000000080040a4                DMA2_Channel5_IRQHandler
                0x00000000080040a4                DMA1_Channel5_IRQHandler
                0x00000000080040a4                USB_LP_IRQHandler
                0x00000000080040a4                EXTI4_IRQHandler
                0x00000000080040a4                COMP_IRQHandler
                0x00000000080040a4                WWDG_IRQHandler
                0x00000000080040a4                DAC_IRQHandler
                0x00000000080040a4                EXTI1_IRQHandler
                0x00000000080040a4                TIM11_IRQHandler
                0x00000000080040a4                USART2_IRQHandler
                0x00000000080040a4                I2C2_ER_IRQHandler
                0x00000000080040a4                DMA1_Channel2_IRQHandler
                0x00000000080040a4                FLASH_IRQHandler
                0x00000000080040a4                USART1_IRQHandler
                0x00000000080040a4                SPI3_IRQHandler
                0x00000000080040a4                I2C1_ER_IRQHandler
                0x00000000080040a4                DMA2_Channel3_IRQHandler
 .text.HAL_Init
                0x00000000080040a6       0x30 ./Drivers/STM32L1xx_HAL_Driver/Src/stm32l1xx_hal.o
                0x00000000080040a6                HAL_Init
 *fill*         0x00000000080040d6        0x2 
 .text.HAL_InitTick
                0x00000000080040d8       0x74 ./Drivers/STM32L1xx_HAL_Driver/Src/stm32l1xx_hal.o
                0x00000000080040d8                HAL_InitTick
 .text.HAL_IncTick
                0x000000000800414c       0x24 ./Drivers/STM32L1xx_HAL_Driver/Src/stm32l1xx_hal.o
                0x000000000800414c                HAL_IncTick
 .text.HAL_GetTick
                0x0000000008004170       0x14 ./Drivers/STM32L1xx_HAL_Driver/Src/stm32l1xx_hal.o
                0x0000000008004170                HAL_GetTick
 .text.HAL_Delay
                0x0000000008004184       0x44 ./Drivers/STM32L1xx_HAL_Driver/Src/stm32l1xx_hal.o
                0x0000000008004184                HAL_Delay
 .text.__NVIC_SetPriorityGrouping
                0x00000000080041c8       0x48 ./Drivers/STM32L1xx_HAL_Driver/Src/stm32l1xx_hal_cortex.o
 .text.__NVIC_GetPriorityGrouping
                0x0000000008004210       0x1c ./Drivers/STM32L1xx_HAL_Driver/Src/stm32l1xx_hal_cortex.o
 .text.__NVIC_EnableIRQ
                0x000000000800422c       0x38 ./Drivers/STM32L1xx_HAL_Driver/Src/stm32l1xx_hal_cortex.o
 .text.__NVIC_SetPriority
                0x0000000008004264       0x54 ./Drivers/STM32L1xx_HAL_Driver/Src/stm32l1xx_hal_cortex.o
 .text.NVIC_EncodePriority
                0x00000000080042b8       0x64 ./Drivers/STM32L1xx_HAL_Driver/Src/stm32l1xx_hal_cortex.o
 .text.SysTick_Config
                0x000000000800431c       0x44 ./Drivers/STM32L1xx_HAL_Driver/Src/stm32l1xx_hal_cortex.o
 .text.HAL_NVIC_SetPriorityGrouping
                0x0000000008004360       0x16 ./Drivers/STM32L1xx_HAL_Driver/Src/stm32l1xx_hal_cortex.o
                0x0000000008004360                HAL_NVIC_SetPriorityGrouping
 .text.HAL_NVIC_SetPriority
                0x0000000008004376       0x38 ./Drivers/STM32L1xx_HAL_Driver/Src/stm32l1xx_hal_cortex.o
                0x0000000008004376                HAL_NVIC_SetPriority
 .text.HAL_NVIC_EnableIRQ
                0x00000000080043ae       0x1c ./Drivers/STM32L1xx_HAL_Driver/Src/stm32l1xx_hal_cortex.o
                0x00000000080043ae                HAL_NVIC_EnableIRQ
 .text.HAL_SYSTICK_Config
                0x00000000080043ca       0x18 ./Drivers/STM32L1xx_HAL_Driver/Src/stm32l1xx_hal_cortex.o
                0x00000000080043ca                HAL_SYSTICK_Config
 .text.HAL_DAC_Init
                0x00000000080043e2       0x44 ./Drivers/STM32L1xx_HAL_Driver/Src/stm32l1xx_hal_dac.o
                0x00000000080043e2                HAL_DAC_Init
 *fill*         0x0000000008004426        0x2 
 .text.HAL_DAC_Start_DMA
                0x0000000008004428      0x198 ./Drivers/STM32L1xx_HAL_Driver/Src/stm32l1xx_hal_dac.o
                0x0000000008004428                HAL_DAC_Start_DMA
 .text.HAL_DAC_Stop_DMA
                0x00000000080045c0       0x90 ./Drivers/STM32L1xx_HAL_Driver/Src/stm32l1xx_hal_dac.o
                0x00000000080045c0                HAL_DAC_Stop_DMA
 .text.HAL_DAC_ErrorCallbackCh1
                0x0000000008004650       0x12 ./Drivers/STM32L1xx_HAL_Driver/Src/stm32l1xx_hal_dac.o
                0x0000000008004650                HAL_DAC_ErrorCallbackCh1
 .text.HAL_DAC_ConfigChannel
                0x0000000008004662       0x9c ./Drivers/STM32L1xx_HAL_Driver/Src/stm32l1xx_hal_dac.o
                0x0000000008004662                HAL_DAC_ConfigChannel
 .text.DAC_DMAConvCpltCh1
                0x00000000080046fe       0x22 ./Drivers/STM32L1xx_HAL_Driver/Src/stm32l1xx_hal_dac.o
                0x00000000080046fe                DAC_DMAConvCpltCh1
 .text.DAC_DMAHalfConvCpltCh1
                0x0000000008004720       0x1c ./Drivers/STM32L1xx_HAL_Driver/Src/stm32l1xx_hal_dac.o
                0x0000000008004720                DAC_DMAHalfConvCpltCh1
 .text.DAC_DMAErrorCh1
                0x000000000800473c       0x2e ./Drivers/STM32L1xx_HAL_Driver/Src/stm32l1xx_hal_dac.o
                0x000000000800473c                DAC_DMAErrorCh1
 .text.HAL_DACEx_ErrorCallbackCh2
                0x000000000800476a       0x12 ./Drivers/STM32L1xx_HAL_Driver/Src/stm32l1xx_hal_dac_ex.o
                0x000000000800476a                HAL_DACEx_ErrorCallbackCh2
 .text.DAC_DMAConvCpltCh2
                0x000000000800477c       0x22 ./Drivers/STM32L1xx_HAL_Driver/Src/stm32l1xx_hal_dac_ex.o
                0x000000000800477c                DAC_DMAConvCpltCh2
 .text.DAC_DMAHalfConvCpltCh2
                0x000000000800479e       0x1c ./Drivers/STM32L1xx_HAL_Driver/Src/stm32l1xx_hal_dac_ex.o
                0x000000000800479e                DAC_DMAHalfConvCpltCh2
 .text.DAC_DMAErrorCh2
                0x00000000080047ba       0x2e ./Drivers/STM32L1xx_HAL_Driver/Src/stm32l1xx_hal_dac_ex.o
                0x00000000080047ba                DAC_DMAErrorCh2
 .text.HAL_DMA_Init
                0x00000000080047e8       0xe8 ./Drivers/STM32L1xx_HAL_Driver/Src/stm32l1xx_hal_dma.o
                0x00000000080047e8                HAL_DMA_Init
 .text.HAL_DMA_Start_IT
                0x00000000080048d0       0xc0 ./Drivers/STM32L1xx_HAL_Driver/Src/stm32l1xx_hal_dma.o
                0x00000000080048d0                HAL_DMA_Start_IT
 .text.HAL_DMA_Abort
                0x0000000008004990       0x7a ./Drivers/STM32L1xx_HAL_Driver/Src/stm32l1xx_hal_dma.o
                0x0000000008004990                HAL_DMA_Abort
 .text.HAL_DMA_IRQHandler
                0x0000000008004a0a      0x15e ./Drivers/STM32L1xx_HAL_Driver/Src/stm32l1xx_hal_dma.o
                0x0000000008004a0a                HAL_DMA_IRQHandler
 .text.DMA_SetConfig
                0x0000000008004b68       0x5e ./Drivers/STM32L1xx_HAL_Driver/Src/stm32l1xx_hal_dma.o
 *fill*         0x0000000008004bc6        0x2 
 .text.HAL_GPIO_Init
                0x0000000008004bc8      0x320 ./Drivers/STM32L1xx_HAL_Driver/Src/stm32l1xx_hal_gpio.o
                0x0000000008004bc8                HAL_GPIO_Init
 .text.HAL_GPIO_ReadPin
                0x0000000008004ee8       0x2e ./Drivers/STM32L1xx_HAL_Driver/Src/stm32l1xx_hal_gpio.o
                0x0000000008004ee8                HAL_GPIO_ReadPin
 .text.HAL_GPIO_WritePin
                0x0000000008004f16       0x30 ./Drivers/STM32L1xx_HAL_Driver/Src/stm32l1xx_hal_gpio.o
                0x0000000008004f16                HAL_GPIO_WritePin
 *fill*         0x0000000008004f46        0x2 
 .text.HAL_GPIO_EXTI_IRQHandler
                0x0000000008004f48       0x30 ./Drivers/STM32L1xx_HAL_Driver/Src/stm32l1xx_hal_gpio.o
                0x0000000008004f48                HAL_GPIO_EXTI_IRQHandler
 .text.HAL_RCC_OscConfig
                0x0000000008004f78      0x660 ./Drivers/STM32L1xx_HAL_Driver/Src/stm32l1xx_hal_rcc.o
                0x0000000008004f78                HAL_RCC_OscConfig
 .text.HAL_RCC_ClockConfig
                0x00000000080055d8      0x268 ./Drivers/STM32L1xx_HAL_Driver/Src/stm32l1xx_hal_rcc.o
                0x00000000080055d8                HAL_RCC_ClockConfig
 .text.HAL_RCC_GetSysClockFreq
                0x0000000008005840      0x14c ./Drivers/STM32L1xx_HAL_Driver/Src/stm32l1xx_hal_rcc.o
                0x0000000008005840                HAL_RCC_GetSysClockFreq
 .text.HAL_RCC_GetHCLKFreq
                0x000000000800598c       0x14 ./Drivers/STM32L1xx_HAL_Driver/Src/stm32l1xx_hal_rcc.o
                0x000000000800598c                HAL_RCC_GetHCLKFreq
 .text.HAL_RCC_GetPCLK1Freq
                0x00000000080059a0       0x28 ./Drivers/STM32L1xx_HAL_Driver/Src/stm32l1xx_hal_rcc.o
                0x00000000080059a0                HAL_RCC_GetPCLK1Freq
 .text.HAL_RCC_GetPCLK2Freq
                0x00000000080059c8       0x28 ./Drivers/STM32L1xx_HAL_Driver/Src/stm32l1xx_hal_rcc.o
                0x00000000080059c8                HAL_RCC_GetPCLK2Freq
 .text.RCC_SetFlashLatencyFromMSIRange
                0x00000000080059f0       0xc0 ./Drivers/STM32L1xx_HAL_Driver/Src/stm32l1xx_hal_rcc.o
 .text.HAL_SPI_Init
                0x0000000008005ab0      0x112 ./Drivers/STM32L1xx_HAL_Driver/Src/stm32l1xx_hal_spi.o
                0x0000000008005ab0                HAL_SPI_Init
 .text.HAL_SPI_Transmit
                0x0000000008005bc2      0x278 ./Drivers/STM32L1xx_HAL_Driver/Src/stm32l1xx_hal_spi.o
                0x0000000008005bc2                HAL_SPI_Transmit
 .text.HAL_SPI_TransmitReceive
                0x0000000008005e3a      0x344 ./Drivers/STM32L1xx_HAL_Driver/Src/stm32l1xx_hal_spi.o
                0x0000000008005e3a                HAL_SPI_TransmitReceive
 *fill*         0x000000000800617e        0x2 
 .text.SPI_WaitFlagStateUntilTimeout
                0x0000000008006180      0x110 ./Drivers/STM32L1xx_HAL_Driver/Src/stm32l1xx_hal_spi.o
 .text.SPI_EndRxTxTransaction
                0x0000000008006290       0x84 ./Drivers/STM32L1xx_HAL_Driver/Src/stm32l1xx_hal_spi.o
 .text.HAL_TIM_Base_Init
                0x0000000008006314       0x7e ./Drivers/STM32L1xx_HAL_Driver/Src/stm32l1xx_hal_tim.o
                0x0000000008006314                HAL_TIM_Base_Init
 *fill*         0x0000000008006392        0x2 
 .text.HAL_TIM_Base_Start
                0x0000000008006394       0x94 ./Drivers/STM32L1xx_HAL_Driver/Src/stm32l1xx_hal_tim.o
                0x0000000008006394                HAL_TIM_Base_Start
 .text.HAL_TIM_Base_Start_IT
                0x0000000008006428       0xa4 ./Drivers/STM32L1xx_HAL_Driver/Src/stm32l1xx_hal_tim.o
                0x0000000008006428                HAL_TIM_Base_Start_IT
 .text.HAL_TIM_Base_Stop_IT
                0x00000000080064cc       0x4c ./Drivers/STM32L1xx_HAL_Driver/Src/stm32l1xx_hal_tim.o
                0x00000000080064cc                HAL_TIM_Base_Stop_IT
 .text.HAL_TIM_IRQHandler
                0x0000000008006518      0x1b8 ./Drivers/STM32L1xx_HAL_Driver/Src/stm32l1xx_hal_tim.o
                0x0000000008006518                HAL_TIM_IRQHandler
 .text.HAL_TIM_ConfigClockSource
                0x00000000080066d0      0x188 ./Drivers/STM32L1xx_HAL_Driver/Src/stm32l1xx_hal_tim.o
                0x00000000080066d0                HAL_TIM_ConfigClockSource
 .text.HAL_TIM_OC_DelayElapsedCallback
                0x0000000008006858       0x12 ./Drivers/STM32L1xx_HAL_Driver/Src/stm32l1xx_hal_tim.o
                0x0000000008006858                HAL_TIM_OC_DelayElapsedCallback
 .text.HAL_TIM_IC_CaptureCallback
                0x000000000800686a       0x12 ./Drivers/STM32L1xx_HAL_Driver/Src/stm32l1xx_hal_tim.o
                0x000000000800686a                HAL_TIM_IC_CaptureCallback
 .text.HAL_TIM_PWM_PulseFinishedCallback
                0x000000000800687c       0x12 ./Drivers/STM32L1xx_HAL_Driver/Src/stm32l1xx_hal_tim.o
                0x000000000800687c                HAL_TIM_PWM_PulseFinishedCallback
 .text.HAL_TIM_TriggerCallback
                0x000000000800688e       0x12 ./Drivers/STM32L1xx_HAL_Driver/Src/stm32l1xx_hal_tim.o
                0x000000000800688e                HAL_TIM_TriggerCallback
 .text.TIM_Base_SetConfig
                0x00000000080068a0       0xe0 ./Drivers/STM32L1xx_HAL_Driver/Src/stm32l1xx_hal_tim.o
 .text.TIM_TI1_ConfigInputStage
                0x0000000008006980       0x5c ./Drivers/STM32L1xx_HAL_Driver/Src/stm32l1xx_hal_tim.o
 .text.TIM_TI2_ConfigInputStage
                0x00000000080069dc       0x5e ./Drivers/STM32L1xx_HAL_Driver/Src/stm32l1xx_hal_tim.o
 .text.TIM_ITRx_SetConfig
                0x0000000008006a3a       0x34 ./Drivers/STM32L1xx_HAL_Driver/Src/stm32l1xx_hal_tim.o
 .text.TIM_ETR_SetConfig
                0x0000000008006a6e       0x3e ./Drivers/STM32L1xx_HAL_Driver/Src/stm32l1xx_hal_tim.o
 .text.HAL_TIMEx_MasterConfigSynchronization
                0x0000000008006aac       0xbc ./Drivers/STM32L1xx_HAL_Driver/Src/stm32l1xx_hal_tim_ex.o
                0x0000000008006aac                HAL_TIMEx_MasterConfigSynchronization
 .text.HAL_UART_Init
                0x0000000008006b68       0x9a ./Drivers/STM32L1xx_HAL_Driver/Src/stm32l1xx_hal_uart.o
                0x0000000008006b68                HAL_UART_Init
 .text.HAL_UART_Transmit
                0x0000000008006c02      0x124 ./Drivers/STM32L1xx_HAL_Driver/Src/stm32l1xx_hal_uart.o
                0x0000000008006c02                HAL_UART_Transmit
 .text.HAL_UART_Receive
                0x0000000008006d26      0x144 ./Drivers/STM32L1xx_HAL_Driver/Src/stm32l1xx_hal_uart.o
                0x0000000008006d26                HAL_UART_Receive
 .text.UART_WaitOnFlagUntilTimeout
                0x0000000008006e6a       0x94 ./Drivers/STM32L1xx_HAL_Driver/Src/stm32l1xx_hal_uart.o
 *fill*         0x0000000008006efe        0x2 
 .text.UART_SetConfig
                0x0000000008006f00      0x1c8 ./Drivers/STM32L1xx_HAL_Driver/Src/stm32l1xx_hal_uart.o
 .text.MX_FATFS_Init
                0x00000000080070c8       0x24 ./FATFS/App/fatfs.o
                0x00000000080070c8                MX_FATFS_Init
 .text.get_fattime
                0x00000000080070ec        0xe ./FATFS/App/fatfs.o
                0x00000000080070ec                get_fattime
 .text.USER_initialize
                0x00000000080070fa       0x1c ./FATFS/Target/user_diskio.o
                0x00000000080070fa                USER_initialize
 .text.USER_status
                0x0000000008007116       0x1c ./FATFS/Target/user_diskio.o
                0x0000000008007116                USER_status
 .text.USER_read
                0x0000000008007132       0x26 ./FATFS/Target/user_diskio.o
                0x0000000008007132                USER_read
 .text.USER_write
                0x0000000008007158       0x26 ./FATFS/Target/user_diskio.o
                0x0000000008007158                USER_write
 .text.USER_ioctl
                0x000000000800717e       0x26 ./FATFS/Target/user_diskio.o
                0x000000000800717e                USER_ioctl
 .text.SPI_Timer_On
                0x00000000080071a4       0x28 ./FATFS/Target/user_diskio_spi.o
                0x00000000080071a4                SPI_Timer_On
 .text.SPI_Timer_Status
                0x00000000080071cc       0x2c ./FATFS/Target/user_diskio_spi.o
                0x00000000080071cc                SPI_Timer_Status
 .text.xchg_spi
                0x00000000080071f8       0x2c ./FATFS/Target/user_diskio_spi.o
 .text.rcvr_spi_multi
                0x0000000008007224       0x38 ./FATFS/Target/user_diskio_spi.o
 .text.xmit_spi_multi
                0x000000000800725c       0x36 ./FATFS/Target/user_diskio_spi.o
 .text.wait_ready
                0x0000000008007292       0x46 ./FATFS/Target/user_diskio_spi.o
 .text.despiselect
                0x00000000080072d8       0x1c ./FATFS/Target/user_diskio_spi.o
 .text.spiselect
                0x00000000080072f4       0x34 ./FATFS/Target/user_diskio_spi.o
 .text.rcvr_datablock
                0x0000000008007328       0x52 ./FATFS/Target/user_diskio_spi.o
 .text.xmit_datablock
                0x000000000800737a       0x64 ./FATFS/Target/user_diskio_spi.o
 .text.send_cmd
                0x00000000080073de       0xde ./FATFS/Target/user_diskio_spi.o
 .text.USER_SPI_initialize
                0x00000000080074bc      0x1d8 ./FATFS/Target/user_diskio_spi.o
                0x00000000080074bc                USER_SPI_initialize
 .text.USER_SPI_status
                0x0000000008007694       0x28 ./FATFS/Target/user_diskio_spi.o
                0x0000000008007694                USER_SPI_status
 .text.USER_SPI_read
                0x00000000080076bc       0xcc ./FATFS/Target/user_diskio_spi.o
                0x00000000080076bc                USER_SPI_read
 .text.USER_SPI_write
                0x0000000008007788       0xf8 ./FATFS/Target/user_diskio_spi.o
                0x0000000008007788                USER_SPI_write
 .text.USER_SPI_ioctl
                0x0000000008007880      0x2e0 ./FATFS/Target/user_diskio_spi.o
                0x0000000008007880                USER_SPI_ioctl
 .text.disk_status
                0x0000000008007b60       0x34 ./Middlewares/Third_Party/FatFs/src/diskio.o
                0x0000000008007b60                disk_status
 .text.disk_initialize
                0x0000000008007b94       0x4c ./Middlewares/Third_Party/FatFs/src/diskio.o
                0x0000000008007b94                disk_initialize
 .text.disk_read
                0x0000000008007be0       0x40 ./Middlewares/Third_Party/FatFs/src/diskio.o
                0x0000000008007be0                disk_read
 .text.disk_write
                0x0000000008007c20       0x40 ./Middlewares/Third_Party/FatFs/src/diskio.o
                0x0000000008007c20                disk_write
 .text.disk_ioctl
                0x0000000008007c60       0x3c ./Middlewares/Third_Party/FatFs/src/diskio.o
                0x0000000008007c60                disk_ioctl
 .text.ld_word  0x0000000008007c9c       0x2e ./Middlewares/Third_Party/FatFs/src/ff.o
 .text.ld_dword
                0x0000000008007cca       0x44 ./Middlewares/Third_Party/FatFs/src/ff.o
 .text.st_word  0x0000000008007d0e       0x34 ./Middlewares/Third_Party/FatFs/src/ff.o
 .text.st_dword
                0x0000000008007d42       0x56 ./Middlewares/Third_Party/FatFs/src/ff.o
 .text.mem_cpy  0x0000000008007d98       0x40 ./Middlewares/Third_Party/FatFs/src/ff.o
 .text.mem_set  0x0000000008007dd8       0x34 ./Middlewares/Third_Party/FatFs/src/ff.o
 .text.mem_cmp  0x0000000008007e0c       0x4c ./Middlewares/Third_Party/FatFs/src/ff.o
 .text.chk_chr  0x0000000008007e58       0x34 ./Middlewares/Third_Party/FatFs/src/ff.o
 .text.chk_lock
                0x0000000008007e8c       0xb4 ./Middlewares/Third_Party/FatFs/src/ff.o
 .text.enq_lock
                0x0000000008007f40       0x40 ./Middlewares/Third_Party/FatFs/src/ff.o
 .text.inc_lock
                0x0000000008007f80      0x11c ./Middlewares/Third_Party/FatFs/src/ff.o
 .text.dec_lock
                0x000000000800809c       0x74 ./Middlewares/Third_Party/FatFs/src/ff.o
 .text.clear_lock
                0x0000000008008110       0x48 ./Middlewares/Third_Party/FatFs/src/ff.o
 .text.sync_window
                0x0000000008008158       0x88 ./Middlewares/Third_Party/FatFs/src/ff.o
 .text.move_window
                0x00000000080081e0       0x5a ./Middlewares/Third_Party/FatFs/src/ff.o
 *fill*         0x000000000800823a        0x2 
 .text.sync_fs  0x000000000800823c       0xdc ./Middlewares/Third_Party/FatFs/src/ff.o
 .text.clust2sect
                0x0000000008008318       0x3c ./Middlewares/Third_Party/FatFs/src/ff.o
 .text.get_fat  0x0000000008008354      0x150 ./Middlewares/Third_Party/FatFs/src/ff.o
 .text.put_fat  0x00000000080084a4      0x1d8 ./Middlewares/Third_Party/FatFs/src/ff.o
 .text.remove_chain
                0x000000000800867c       0xca ./Middlewares/Third_Party/FatFs/src/ff.o
 .text.create_chain
                0x0000000008008746      0x130 ./Middlewares/Third_Party/FatFs/src/ff.o
 .text.clmt_clust
                0x0000000008008876       0x66 ./Middlewares/Third_Party/FatFs/src/ff.o
 .text.dir_sdi  0x00000000080088dc       0xf6 ./Middlewares/Third_Party/FatFs/src/ff.o
 .text.dir_next
                0x00000000080089d2      0x18a ./Middlewares/Third_Party/FatFs/src/ff.o
 .text.dir_alloc
                0x0000000008008b5c       0x8e ./Middlewares/Third_Party/FatFs/src/ff.o
 .text.ld_clust
                0x0000000008008bea       0x3e ./Middlewares/Third_Party/FatFs/src/ff.o
 .text.st_clust
                0x0000000008008c28       0x40 ./Middlewares/Third_Party/FatFs/src/ff.o
 .text.dir_find
                0x0000000008008c68       0xaa ./Middlewares/Third_Party/FatFs/src/ff.o
 .text.dir_register
                0x0000000008008d12       0x64 ./Middlewares/Third_Party/FatFs/src/ff.o
 *fill*         0x0000000008008d76        0x2 
 .text.create_name
                0x0000000008008d78      0x128 ./Middlewares/Third_Party/FatFs/src/ff.o
 .text.follow_path
                0x0000000008008ea0       0xe2 ./Middlewares/Third_Party/FatFs/src/ff.o
 .text.get_ldnumber
                0x0000000008008f82       0x86 ./Middlewares/Third_Party/FatFs/src/ff.o
 .text.check_fs
                0x0000000008009008       0xac ./Middlewares/Third_Party/FatFs/src/ff.o
 .text.find_volume
                0x00000000080090b4      0x498 ./Middlewares/Third_Party/FatFs/src/ff.o
 .text.validate
                0x000000000800954c       0x6a ./Middlewares/Third_Party/FatFs/src/ff.o
 *fill*         0x00000000080095b6        0x2 
 .text.f_mount  0x00000000080095b8       0x8c ./Middlewares/Third_Party/FatFs/src/ff.o
                0x00000000080095b8                f_mount
 .text.f_open   0x0000000008009644      0x37c ./Middlewares/Third_Party/FatFs/src/ff.o
                0x0000000008009644                f_open
 .text.f_read   0x00000000080099c0      0x27e ./Middlewares/Third_Party/FatFs/src/ff.o
                0x00000000080099c0                f_read
 .text.f_sync   0x0000000008009c3e       0xfc ./Middlewares/Third_Party/FatFs/src/ff.o
                0x0000000008009c3e                f_sync
 .text.f_close  0x0000000008009d3a       0x54 ./Middlewares/Third_Party/FatFs/src/ff.o
                0x0000000008009d3a                f_close
 *fill*         0x0000000008009d8e        0x2 
 .text.FATFS_LinkDriverEx
                0x0000000008009d90       0x94 ./Middlewares/Third_Party/FatFs/src/ff_gen_drv.o
                0x0000000008009d90                FATFS_LinkDriverEx
 .text.FATFS_LinkDriver
                0x0000000008009e24       0x1e ./Middlewares/Third_Party/FatFs/src/ff_gen_drv.o
                0x0000000008009e24                FATFS_LinkDriver
 *fill*         0x0000000008009e42        0x2 
 .text.__libc_init_array
                0x0000000008009e44       0x48 c:/st/stm32cubeide_1.7.0/stm32cubeide/plugins/com.st.stm32cube.ide.mcu.externaltools.gnu-tools-for-stm32.9-2020-q2-update.win32_2.0.0.202105311346/tools/bin/../lib/gcc/arm-none-eabi/9.3.1/../../../../arm-none-eabi/lib/thumb/v7-m/nofp\libc_nano.a(lib_a-init.o)
                0x0000000008009e44                __libc_init_array
 .text.memcmp   0x0000000008009e8c       0x1c c:/st/stm32cubeide_1.7.0/stm32cubeide/plugins/com.st.stm32cube.ide.mcu.externaltools.gnu-tools-for-stm32.9-2020-q2-update.win32_2.0.0.202105311346/tools/bin/../lib/gcc/arm-none-eabi/9.3.1/../../../../arm-none-eabi/lib/thumb/v7-m/nofp\libc_nano.a(lib_a-memcmp.o)
                0x0000000008009e8c                memcmp
 .text.memset   0x0000000008009ea8       0x10 c:/st/stm32cubeide_1.7.0/stm32cubeide/plugins/com.st.stm32cube.ide.mcu.externaltools.gnu-tools-for-stm32.9-2020-q2-update.win32_2.0.0.202105311346/tools/bin/../lib/gcc/arm-none-eabi/9.3.1/../../../../arm-none-eabi/lib/thumb/v7-m/nofp\libc_nano.a(lib_a-memset.o)
                0x0000000008009ea8                memset
 *(.glue_7)
 .glue_7        0x0000000008009eb8        0x0 linker stubs
 *(.glue_7t)
 .glue_7t       0x0000000008009eb8        0x0 linker stubs
 *(.eh_frame)
 .eh_frame      0x0000000008009eb8        0x0 c:/st/stm32cubeide_1.7.0/stm32cubeide/plugins/com.st.stm32cube.ide.mcu.externaltools.gnu-tools-for-stm32.9-2020-q2-update.win32_2.0.0.202105311346/tools/bin/../lib/gcc/arm-none-eabi/9.3.1/thumb/v7-m/nofp/crtbegin.o
 *(.init)
 .init          0x0000000008009eb8        0x4 c:/st/stm32cubeide_1.7.0/stm32cubeide/plugins/com.st.stm32cube.ide.mcu.externaltools.gnu-tools-for-stm32.9-2020-q2-update.win32_2.0.0.202105311346/tools/bin/../lib/gcc/arm-none-eabi/9.3.1/thumb/v7-m/nofp/crti.o
                0x0000000008009eb8                _init
 .init          0x0000000008009ebc        0x8 c:/st/stm32cubeide_1.7.0/stm32cubeide/plugins/com.st.stm32cube.ide.mcu.externaltools.gnu-tools-for-stm32.9-2020-q2-update.win32_2.0.0.202105311346/tools/bin/../lib/gcc/arm-none-eabi/9.3.1/thumb/v7-m/nofp/crtn.o
 *(.fini)
 .fini          0x0000000008009ec4        0x4 c:/st/stm32cubeide_1.7.0/stm32cubeide/plugins/com.st.stm32cube.ide.mcu.externaltools.gnu-tools-for-stm32.9-2020-q2-update.win32_2.0.0.202105311346/tools/bin/../lib/gcc/arm-none-eabi/9.3.1/thumb/v7-m/nofp/crti.o
                0x0000000008009ec4                _fini
 .fini          0x0000000008009ec8        0x8 c:/st/stm32cubeide_1.7.0/stm32cubeide/plugins/com.st.stm32cube.ide.mcu.externaltools.gnu-tools-for-stm32.9-2020-q2-update.win32_2.0.0.202105311346/tools/bin/../lib/gcc/arm-none-eabi/9.3.1/thumb/v7-m/nofp/crtn.o
                0x0000000008009ed0                . = ALIGN (0x4)
                0x0000000008009ed0                _etext = .

.vfp11_veneer   0x0000000008009ed0        0x0
 .vfp11_veneer  0x0000000008009ed0        0x0 linker stubs

.v4_bx          0x0000000008009ed0        0x0
 .v4_bx         0x0000000008009ed0        0x0 linker stubs

.iplt           0x0000000008009ed0        0x0
 .iplt          0x0000000008009ed0        0x0 c:/st/stm32cubeide_1.7.0/stm32cubeide/plugins/com.st.stm32cube.ide.mcu.externaltools.gnu-tools-for-stm32.9-2020-q2-update.win32_2.0.0.202105311346/tools/bin/../lib/gcc/arm-none-eabi/9.3.1/thumb/v7-m/nofp/crtbegin.o

.rodata         0x0000000008009ed0      0x1d8
                0x0000000008009ed0                . = ALIGN (0x4)
 *(.rodata)
 .rodata        0x0000000008009ed0        0x6 ./Core/Src/main.o
 *fill*         0x0000000008009ed6        0x2 
 .rodata        0x0000000008009ed8       0x10 ./Core/Src/pathfinder.o
 .rodata        0x0000000008009ee8       0x92 ./Core/Src/tracker.o
 *fill*         0x0000000008009f7a        0x2 
 .rodata        0x0000000008009f7c        0x1 ./Core/Src/waveplayer.o
 *fill*         0x0000000008009f7d        0x3 
 .rodata        0x0000000008009f80       0x44 ./Middlewares/Third_Party/FatFs/src/ff.o
 *(.rodata*)
 .rodata.PLLMulTable
                0x0000000008009fc4        0x9 ./Core/Src/system_stm32l1xx.o
                0x0000000008009fc4                PLLMulTable
 *fill*         0x0000000008009fcd        0x3 
 .rodata.AHBPrescTable
                0x0000000008009fd0       0x10 ./Core/Src/system_stm32l1xx.o
                0x0000000008009fd0                AHBPrescTable
 .rodata.APBPrescTable
                0x0000000008009fe0        0x8 ./Core/Src/system_stm32l1xx.o
                0x0000000008009fe0                APBPrescTable
 .rodata.ROW_NUMBER_TO_PIN_TABLE
                0x0000000008009fe8       0x40 ./Core/Src/tracker.o
 .rodata.ExCvt  0x000000000800a028       0x80 ./Middlewares/Third_Party/FatFs/src/ff.o
                0x000000000800a0a8                . = ALIGN (0x4)

.ARM.extab      0x000000000800a0a8        0x0
                0x000000000800a0a8                . = ALIGN (0x4)
 *(.ARM.extab* .gnu.linkonce.armextab.*)
                0x000000000800a0a8                . = ALIGN (0x4)

.ARM            0x000000000800a0a8        0x8
                0x000000000800a0a8                . = ALIGN (0x4)
                0x000000000800a0a8                __exidx_start = .
 *(.ARM.exidx*)
 .ARM.exidx     0x000000000800a0a8        0x8 c:/st/stm32cubeide_1.7.0/stm32cubeide/plugins/com.st.stm32cube.ide.mcu.externaltools.gnu-tools-for-stm32.9-2020-q2-update.win32_2.0.0.202105311346/tools/bin/../lib/gcc/arm-none-eabi/9.3.1/thumb/v7-m/nofp\libgcc.a(_udivmoddi4.o)
                0x000000000800a0b0                __exidx_end = .
                0x000000000800a0b0                . = ALIGN (0x4)

.rel.dyn        0x000000000800a0b0        0x0
 .rel.iplt      0x000000000800a0b0        0x0 c:/st/stm32cubeide_1.7.0/stm32cubeide/plugins/com.st.stm32cube.ide.mcu.externaltools.gnu-tools-for-stm32.9-2020-q2-update.win32_2.0.0.202105311346/tools/bin/../lib/gcc/arm-none-eabi/9.3.1/thumb/v7-m/nofp/crtbegin.o

.preinit_array  0x000000000800a0b0        0x0
                0x000000000800a0b0                . = ALIGN (0x4)
                0x000000000800a0b0                PROVIDE (__preinit_array_start = .)
 *(.preinit_array*)
                0x000000000800a0b0                PROVIDE (__preinit_array_end = .)
                0x000000000800a0b0                . = ALIGN (0x4)

.init_array     0x000000000800a0b0        0x4
                0x000000000800a0b0                . = ALIGN (0x4)
                0x000000000800a0b0                PROVIDE (__init_array_start = .)
 *(SORT_BY_NAME(.init_array.*))
 *(.init_array*)
 .init_array    0x000000000800a0b0        0x4 c:/st/stm32cubeide_1.7.0/stm32cubeide/plugins/com.st.stm32cube.ide.mcu.externaltools.gnu-tools-for-stm32.9-2020-q2-update.win32_2.0.0.202105311346/tools/bin/../lib/gcc/arm-none-eabi/9.3.1/thumb/v7-m/nofp/crtbegin.o
                0x000000000800a0b4                PROVIDE (__init_array_end = .)
                0x000000000800a0b4                . = ALIGN (0x4)

.fini_array     0x000000000800a0b4        0x4
                0x000000000800a0b4                . = ALIGN (0x4)
                [!provide]                        PROVIDE (__fini_array_start = .)
 *(SORT_BY_NAME(.fini_array.*))
 *(.fini_array*)
 .fini_array    0x000000000800a0b4        0x4 c:/st/stm32cubeide_1.7.0/stm32cubeide/plugins/com.st.stm32cube.ide.mcu.externaltools.gnu-tools-for-stm32.9-2020-q2-update.win32_2.0.0.202105311346/tools/bin/../lib/gcc/arm-none-eabi/9.3.1/thumb/v7-m/nofp/crtbegin.o
                [!provide]                        PROVIDE (__fini_array_end = .)
                0x000000000800a0b8                . = ALIGN (0x4)
                0x000000000800a0b8                _sidata = LOADADDR (.data)

.data           0x0000000020000000       0xfc load address 0x000000000800a0b8
                0x0000000020000000                . = ALIGN (0x4)
                0x0000000020000000                _sdata = .
 *(.data)
 *(.data*)
 .data.timer1   0x0000000020000000        0x2 ./Core/Src/main.o
                0x0000000020000000                timer1
 .data.timer2   0x0000000020000002        0x2 ./Core/Src/main.o
                0x0000000020000002                timer2
 .data.EMPTY_PIECE
                0x0000000020000004        0x2 ./Core/Src/pathfinder.o
 *fill*         0x0000000020000006        0x2 
 .data.SystemCoreClock
                0x0000000020000008        0x4 ./Core/Src/system_stm32l1xx.o
                0x0000000020000008                SystemCoreClock
 .data.EMPTY_PIECE
                0x000000002000000c        0x2 ./Core/Src/tracker.o
 *fill*         0x000000002000000e        0x2 
 .data.EMPTY_PIECE_COORDINATE
                0x0000000020000010        0x4 ./Core/Src/tracker.o
 .data.OFFBOARD_PIECE_COORDINATE
                0x0000000020000014        0x4 ./Core/Src/tracker.o
 .data.INITIAL_CHESSBOARD
                0x0000000020000018       0x80 ./Core/Src/tracker.o
 .data.audio    0x0000000020000098       0x44 ./Core/Src/tracker.o
                0x0000000020000098                audio
 .data.uwTickPrio
                0x00000000200000dc        0x4 ./Drivers/STM32L1xx_HAL_Driver/Src/stm32l1xx_hal.o
                0x00000000200000dc                uwTickPrio
 .data.uwTickFreq
                0x00000000200000e0        0x4 ./Drivers/STM32L1xx_HAL_Driver/Src/stm32l1xx_hal.o
                0x00000000200000e0                uwTickFreq
 .data.USER_Driver
                0x00000000200000e4       0x14 ./FATFS/Target/user_diskio.o
                0x00000000200000e4                USER_Driver
 .data.Stat     0x00000000200000f8        0x1 ./FATFS/Target/user_diskio_spi.o
 *(.RamFunc)
 *(.RamFunc*)
                0x00000000200000fc                . = ALIGN (0x4)
 *fill*         0x00000000200000f9        0x3 
                0x00000000200000fc                _edata = .

.igot.plt       0x00000000200000fc        0x0 load address 0x000000000800a1b4
 .igot.plt      0x00000000200000fc        0x0 c:/st/stm32cubeide_1.7.0/stm32cubeide/plugins/com.st.stm32cube.ide.mcu.externaltools.gnu-tools-for-stm32.9-2020-q2-update.win32_2.0.0.202105311346/tools/bin/../lib/gcc/arm-none-eabi/9.3.1/thumb/v7-m/nofp/crtbegin.o
                0x00000000200000fc                . = ALIGN (0x4)

.bss            0x00000000200000fc     0x23c0 load address 0x000000000800a1b4
                0x00000000200000fc                _sbss = .
                0x00000000200000fc                __bss_start__ = _sbss
 *(.bss)
 .bss           0x00000000200000fc       0x1c c:/st/stm32cubeide_1.7.0/stm32cubeide/plugins/com.st.stm32cube.ide.mcu.externaltools.gnu-tools-for-stm32.9-2020-q2-update.win32_2.0.0.202105311346/tools/bin/../lib/gcc/arm-none-eabi/9.3.1/thumb/v7-m/nofp/crtbegin.o
 *(.bss*)
 .bss.LastButtonPressed
                0x0000000020000118        0x1 ./Core/Src/button.o
 *fill*         0x0000000020000119        0x3 
 .bss.MockChessboard
                0x000000002000011c       0x80 ./Core/Src/pathfinder.o
 .bss.LegalMoveSet
                0x000000002000019c      0x3b0 ./Core/Src/pathfinder.o
 .bss.Chessboard
                0x000000002000054c       0x80 ./Core/Src/tracker.o
 .bss.CurrentTurn
                0x00000000200005cc        0x1 ./Core/Src/tracker.o
 .bss.LastTransitionType
                0x00000000200005cd        0x1 ./Core/Src/tracker.o
 *fill*         0x00000000200005ce        0x2 
 .bss.LastPickedUpPiece
                0x00000000200005d0        0x4 ./Core/Src/tracker.o
 .bss.PieceToKill
                0x00000000200005d4        0x4 ./Core/Src/tracker.o
 .bss.IllegalPieces
                0x00000000200005d8      0x100 ./Core/Src/tracker.o
 .bss.NumIllegalPieces
                0x00000000200006d8        0x1 ./Core/Src/tracker.o
 .bss.SwitchTurnsAfterLegalState
                0x00000000200006d9        0x1 ./Core/Src/tracker.o
 .bss.CanA1Castle
                0x00000000200006da        0x1 ./Core/Src/tracker.o
 .bss.CanH1Castle
                0x00000000200006db        0x1 ./Core/Src/tracker.o
 .bss.CanA8Castle
                0x00000000200006dc        0x1 ./Core/Src/tracker.o
 .bss.CanH8Castle
                0x00000000200006dd        0x1 ./Core/Src/tracker.o
 .bss.CanWhiteKingCastle
                0x00000000200006de        0x1 ./Core/Src/tracker.o
 .bss.CanBlackKingCastle
                0x00000000200006df        0x1 ./Core/Src/tracker.o
 .bss.ExpectedKingCastleCoordinate
                0x00000000200006e0        0x4 ./Core/Src/tracker.o
 .bss.ExpectedRookCastleCoordinate
                0x00000000200006e4        0x4 ./Core/Src/tracker.o
 .bss.PawnToPromote
                0x00000000200006e8        0x4 ./Core/Src/tracker.o
 .bss.MoveBuffer
                0x00000000200006ec        0x4 ./Core/Src/tracker.o
                0x00000000200006ec                MoveBuffer
 .bss.ReceiveBuffer
                0x00000000200006f0        0x5 ./Core/Src/tracker.o
                0x00000000200006f0                ReceiveBuffer
 *fill*         0x00000000200006f5        0x3 
 .bss.wavFile   0x00000000200006f8      0x230 ./Core/Src/waveplayer.o
 .bss.FatFs     0x0000000020000928      0x230 ./Core/Src/waveplayer.o
 .bss.fileLength
                0x0000000020000b58        0x4 ./Core/Src/waveplayer.o
 .bss.audioRemainSize
                0x0000000020000b5c        0x4 ./Core/Src/waveplayer.o
 .bss.audioBuffer
                0x0000000020000b60     0x1000 ./Core/Src/waveplayer.o
 .bss.playerReadBytes
                0x0000000020001b60        0x4 ./Core/Src/waveplayer.o
 .bss.isFinished
                0x0000000020001b64        0x1 ./Core/Src/waveplayer.o
 .bss.waveplayerStatus
                0x0000000020001b65        0x1 ./Core/Src/waveplayer.o
 .bss.CardType  0x0000000020001b66        0x1 ./FATFS/Target/user_diskio_spi.o
 *fill*         0x0000000020001b67        0x1 
 .bss.FatFs     0x0000000020001b68        0x4 ./Middlewares/Third_Party/FatFs/src/ff.o
 .bss.Fsid      0x0000000020001b6c        0x2 ./Middlewares/Third_Party/FatFs/src/ff.o
 *fill*         0x0000000020001b6e        0x2 
 .bss.Files     0x0000000020001b70       0x20 ./Middlewares/Third_Party/FatFs/src/ff.o
 .bss.disk      0x0000000020001b90        0xc ./Middlewares/Third_Party/FatFs/src/ff_gen_drv.o
                0x0000000020001b90                disk
 *(COMMON)
 COMMON         0x0000000020001b9c        0x8 ./Core/Src/button.o
                0x0000000020001b9c                Button1DebounceTimer
                0x0000000020001ba0                Button2DebounceTimer
 COMMON         0x0000000020001ba4      0x2a4 ./Core/Src/main.o
                0x0000000020001ba4                hspi2
                0x0000000020001bfc                htim4
                0x0000000020001c3c                htim5
                0x0000000020001c7c                htim3
                0x0000000020001cbc                hspi3
                0x0000000020001d14                huart1
                0x0000000020001d58                hdac
                0x0000000020001d6c                hdma_dac_ch2
                0x0000000020001db0                hspi1
                0x0000000020001e08                htim2
 COMMON         0x0000000020001e48      0x200 ./Core/Src/tracker.o
                0x0000000020001e48                History
 COMMON         0x0000000020002048        0x4 ./Drivers/STM32L1xx_HAL_Driver/Src/stm32l1xx_hal.o
                0x0000000020002048                uwTick
 COMMON         0x000000002000204c      0x468 ./FATFS/App/fatfs.o
                0x000000002000204c                USERPath
                0x0000000020002050                retUSER
                0x0000000020002054                USERFile
                0x0000000020002284                USERFatFS
 COMMON         0x00000000200024b4        0x8 ./FATFS/Target/user_diskio_spi.o
                0x00000000200024b4                spiTimerTickStart
                0x00000000200024b8                spiTimerTickDelay
                0x00000000200024bc                . = ALIGN (0x4)
                0x00000000200024bc                _ebss = .
                0x00000000200024bc                __bss_end__ = _ebss

._user_heap_stack
                0x00000000200024bc      0x604 load address 0x000000000800a1b4
                0x00000000200024c0                . = ALIGN (0x8)
 *fill*         0x00000000200024bc        0x4 
                [!provide]                        PROVIDE (end = .)
                0x00000000200024c0                PROVIDE (_end = .)
                0x00000000200026c0                . = (. + _Min_Heap_Size)
 *fill*         0x00000000200024c0      0x200 
                0x0000000020002ac0                . = (. + _Min_Stack_Size)
 *fill*         0x00000000200026c0      0x400 
                0x0000000020002ac0                . = ALIGN (0x8)

/DISCARD/
 libc.a(*)
 libm.a(*)
 libgcc.a(*)

.ARM.attributes
                0x0000000000000000       0x29
 *(.ARM.attributes)
 .ARM.attributes
                0x0000000000000000       0x1d c:/st/stm32cubeide_1.7.0/stm32cubeide/plugins/com.st.stm32cube.ide.mcu.externaltools.gnu-tools-for-stm32.9-2020-q2-update.win32_2.0.0.202105311346/tools/bin/../lib/gcc/arm-none-eabi/9.3.1/thumb/v7-m/nofp/crti.o
 .ARM.attributes
                0x000000000000001d       0x2d c:/st/stm32cubeide_1.7.0/stm32cubeide/plugins/com.st.stm32cube.ide.mcu.externaltools.gnu-tools-for-stm32.9-2020-q2-update.win32_2.0.0.202105311346/tools/bin/../lib/gcc/arm-none-eabi/9.3.1/thumb/v7-m/nofp/crtbegin.o
 .ARM.attributes
                0x000000000000004a       0x2d ./Core/Src/button.o
 .ARM.attributes
                0x0000000000000077       0x2d ./Core/Src/leds.o
 .ARM.attributes
                0x00000000000000a4       0x2d ./Core/Src/main.o
 .ARM.attributes
                0x00000000000000d1       0x2d ./Core/Src/pathfinder.o
 .ARM.attributes
                0x00000000000000fe       0x2d ./Core/Src/speaker.o
 .ARM.attributes
                0x000000000000012b       0x2d ./Core/Src/stm32l1xx_hal_msp.o
 .ARM.attributes
                0x0000000000000158       0x2d ./Core/Src/stm32l1xx_it.o
 .ARM.attributes
                0x0000000000000185       0x2d ./Core/Src/system_stm32l1xx.o
 .ARM.attributes
                0x00000000000001b2       0x2d ./Core/Src/tracker.o
 .ARM.attributes
                0x00000000000001df       0x2d ./Core/Src/uart.o
 .ARM.attributes
                0x000000000000020c       0x2d ./Core/Src/waveplayer.o
 .ARM.attributes
                0x0000000000000239       0x21 ./Core/Startup/startup_stm32l152zctx.o
 .ARM.attributes
                0x000000000000025a       0x2d ./Drivers/STM32L1xx_HAL_Driver/Src/stm32l1xx_hal.o
 .ARM.attributes
                0x0000000000000287       0x2d ./Drivers/STM32L1xx_HAL_Driver/Src/stm32l1xx_hal_cortex.o
 .ARM.attributes
                0x00000000000002b4       0x2d ./Drivers/STM32L1xx_HAL_Driver/Src/stm32l1xx_hal_dac.o
 .ARM.attributes
                0x00000000000002e1       0x2d ./Drivers/STM32L1xx_HAL_Driver/Src/stm32l1xx_hal_dac_ex.o
 .ARM.attributes
                0x000000000000030e       0x2d ./Drivers/STM32L1xx_HAL_Driver/Src/stm32l1xx_hal_dma.o
 .ARM.attributes
                0x000000000000033b       0x2d ./Drivers/STM32L1xx_HAL_Driver/Src/stm32l1xx_hal_gpio.o
 .ARM.attributes
                0x0000000000000368       0x2d ./Drivers/STM32L1xx_HAL_Driver/Src/stm32l1xx_hal_rcc.o
 .ARM.attributes
                0x0000000000000395       0x2d ./Drivers/STM32L1xx_HAL_Driver/Src/stm32l1xx_hal_spi.o
 .ARM.attributes
                0x00000000000003c2       0x2d ./Drivers/STM32L1xx_HAL_Driver/Src/stm32l1xx_hal_tim.o
 .ARM.attributes
                0x00000000000003ef       0x2d ./Drivers/STM32L1xx_HAL_Driver/Src/stm32l1xx_hal_tim_ex.o
 .ARM.attributes
                0x000000000000041c       0x2d ./Drivers/STM32L1xx_HAL_Driver/Src/stm32l1xx_hal_uart.o
 .ARM.attributes
                0x0000000000000449       0x2d ./FATFS/App/fatfs.o
 .ARM.attributes
                0x0000000000000476       0x2d ./FATFS/Target/user_diskio.o
 .ARM.attributes
                0x00000000000004a3       0x2d ./FATFS/Target/user_diskio_spi.o
 .ARM.attributes
                0x00000000000004d0       0x2d ./Middlewares/Third_Party/FatFs/src/diskio.o
 .ARM.attributes
                0x00000000000004fd       0x2d ./Middlewares/Third_Party/FatFs/src/ff.o
 .ARM.attributes
                0x000000000000052a       0x2d ./Middlewares/Third_Party/FatFs/src/ff_gen_drv.o
 .ARM.attributes
                0x0000000000000557       0x2d c:/st/stm32cubeide_1.7.0/stm32cubeide/plugins/com.st.stm32cube.ide.mcu.externaltools.gnu-tools-for-stm32.9-2020-q2-update.win32_2.0.0.202105311346/tools/bin/../lib/gcc/arm-none-eabi/9.3.1/../../../../arm-none-eabi/lib/thumb/v7-m/nofp\libc_nano.a(lib_a-init.o)
 .ARM.attributes
                0x0000000000000584       0x2d c:/st/stm32cubeide_1.7.0/stm32cubeide/plugins/com.st.stm32cube.ide.mcu.externaltools.gnu-tools-for-stm32.9-2020-q2-update.win32_2.0.0.202105311346/tools/bin/../lib/gcc/arm-none-eabi/9.3.1/../../../../arm-none-eabi/lib/thumb/v7-m/nofp\libc_nano.a(lib_a-memcmp.o)
 .ARM.attributes
                0x00000000000005b1       0x2d c:/st/stm32cubeide_1.7.0/stm32cubeide/plugins/com.st.stm32cube.ide.mcu.externaltools.gnu-tools-for-stm32.9-2020-q2-update.win32_2.0.0.202105311346/tools/bin/../lib/gcc/arm-none-eabi/9.3.1/../../../../arm-none-eabi/lib/thumb/v7-m/nofp\libc_nano.a(lib_a-memset.o)
 .ARM.attributes
                0x00000000000005de       0x1d c:/st/stm32cubeide_1.7.0/stm32cubeide/plugins/com.st.stm32cube.ide.mcu.externaltools.gnu-tools-for-stm32.9-2020-q2-update.win32_2.0.0.202105311346/tools/bin/../lib/gcc/arm-none-eabi/9.3.1/thumb/v7-m/nofp\libgcc.a(_aeabi_uldivmod.o)
 .ARM.attributes
                0x00000000000005fb       0x2d c:/st/stm32cubeide_1.7.0/stm32cubeide/plugins/com.st.stm32cube.ide.mcu.externaltools.gnu-tools-for-stm32.9-2020-q2-update.win32_2.0.0.202105311346/tools/bin/../lib/gcc/arm-none-eabi/9.3.1/thumb/v7-m/nofp\libgcc.a(_udivmoddi4.o)
 .ARM.attributes
                0x0000000000000628       0x1d c:/st/stm32cubeide_1.7.0/stm32cubeide/plugins/com.st.stm32cube.ide.mcu.externaltools.gnu-tools-for-stm32.9-2020-q2-update.win32_2.0.0.202105311346/tools/bin/../lib/gcc/arm-none-eabi/9.3.1/thumb/v7-m/nofp\libgcc.a(_dvmd_tls.o)
 .ARM.attributes
                0x0000000000000645       0x1d c:/st/stm32cubeide_1.7.0/stm32cubeide/plugins/com.st.stm32cube.ide.mcu.externaltools.gnu-tools-for-stm32.9-2020-q2-update.win32_2.0.0.202105311346/tools/bin/../lib/gcc/arm-none-eabi/9.3.1/thumb/v7-m/nofp/crtn.o
OUTPUT(IHateEverything3.elf elf32-littlearm)
LOAD linker stubs
LOAD c:/st/stm32cubeide_1.7.0/stm32cubeide/plugins/com.st.stm32cube.ide.mcu.externaltools.gnu-tools-for-stm32.9-2020-q2-update.win32_2.0.0.202105311346/tools/bin/../lib/gcc/arm-none-eabi/9.3.1/../../../../arm-none-eabi/lib/thumb/v7-m/nofp\libc.a
LOAD c:/st/stm32cubeide_1.7.0/stm32cubeide/plugins/com.st.stm32cube.ide.mcu.externaltools.gnu-tools-for-stm32.9-2020-q2-update.win32_2.0.0.202105311346/tools/bin/../lib/gcc/arm-none-eabi/9.3.1/../../../../arm-none-eabi/lib/thumb/v7-m/nofp\libm.a
LOAD c:/st/stm32cubeide_1.7.0/stm32cubeide/plugins/com.st.stm32cube.ide.mcu.externaltools.gnu-tools-for-stm32.9-2020-q2-update.win32_2.0.0.202105311346/tools/bin/../lib/gcc/arm-none-eabi/9.3.1/thumb/v7-m/nofp\libgcc.a

.debug_info     0x0000000000000000    0x1e55b
 .debug_info    0x0000000000000000      0x8ba ./Core/Src/button.o
 .debug_info    0x00000000000008ba      0xcf2 ./Core/Src/leds.o
 .debug_info    0x00000000000015ac     0x24e1 ./Core/Src/main.o
 .debug_info    0x0000000000003a8d     0x1988 ./Core/Src/pathfinder.o
 .debug_info    0x0000000000005415      0xd9a ./Core/Src/speaker.o
 .debug_info    0x00000000000061af     0x142f ./Core/Src/stm32l1xx_hal_msp.o
 .debug_info    0x00000000000075de      0x82c ./Core/Src/stm32l1xx_it.o
 .debug_info    0x0000000000007e0a      0x2f8 ./Core/Src/system_stm32l1xx.o
 .debug_info    0x0000000000008102     0x2a01 ./Core/Src/tracker.o
 .debug_info    0x000000000000ab03      0x7e9 ./Core/Src/uart.o
 .debug_info    0x000000000000b2ec     0x1b1f ./Core/Src/waveplayer.o
 .debug_info    0x000000000000ce0b       0x22 ./Core/Startup/startup_stm32l152zctx.o
 .debug_info    0x000000000000ce2d      0x771 ./Drivers/STM32L1xx_HAL_Driver/Src/stm32l1xx_hal.o
 .debug_info    0x000000000000d59e      0xe26 ./Drivers/STM32L1xx_HAL_Driver/Src/stm32l1xx_hal_cortex.o
 .debug_info    0x000000000000e3c4      0xa5b ./Drivers/STM32L1xx_HAL_Driver/Src/stm32l1xx_hal_dac.o
 .debug_info    0x000000000000ee1f      0x83e ./Drivers/STM32L1xx_HAL_Driver/Src/stm32l1xx_hal_dac_ex.o
 .debug_info    0x000000000000f65d      0x803 ./Drivers/STM32L1xx_HAL_Driver/Src/stm32l1xx_hal_dma.o
 .debug_info    0x000000000000fe60      0x704 ./Drivers/STM32L1xx_HAL_Driver/Src/stm32l1xx_hal_gpio.o
 .debug_info    0x0000000000010564      0x9b9 ./Drivers/STM32L1xx_HAL_Driver/Src/stm32l1xx_hal_rcc.o
 .debug_info    0x0000000000010f1d     0x1767 ./Drivers/STM32L1xx_HAL_Driver/Src/stm32l1xx_hal_spi.o
 .debug_info    0x0000000000012684     0x28f8 ./Drivers/STM32L1xx_HAL_Driver/Src/stm32l1xx_hal_tim.o
 .debug_info    0x0000000000014f7c      0x7c7 ./Drivers/STM32L1xx_HAL_Driver/Src/stm32l1xx_hal_tim_ex.o
 .debug_info    0x0000000000015743     0x160e ./Drivers/STM32L1xx_HAL_Driver/Src/stm32l1xx_hal_uart.o
 .debug_info    0x0000000000016d51      0xe55 ./FATFS/App/fatfs.o
 .debug_info    0x0000000000017ba6      0xcdb ./FATFS/Target/user_diskio.o
 .debug_info    0x0000000000018881     0x1534 ./FATFS/Target/user_diskio_spi.o
 .debug_info    0x0000000000019db5      0xd99 ./Middlewares/Third_Party/FatFs/src/diskio.o
 .debug_info    0x000000000001ab4e     0x2ce3 ./Middlewares/Third_Party/FatFs/src/ff.o
 .debug_info    0x000000000001d831      0xd2a ./Middlewares/Third_Party/FatFs/src/ff_gen_drv.o

.debug_abbrev   0x0000000000000000     0x420d
 .debug_abbrev  0x0000000000000000      0x1ff ./Core/Src/button.o
 .debug_abbrev  0x00000000000001ff      0x1e3 ./Core/Src/leds.o
 .debug_abbrev  0x00000000000003e2      0x337 ./Core/Src/main.o
 .debug_abbrev  0x0000000000000719      0x35c ./Core/Src/pathfinder.o
 .debug_abbrev  0x0000000000000a75      0x1d5 ./Core/Src/speaker.o
 .debug_abbrev  0x0000000000000c4a      0x206 ./Core/Src/stm32l1xx_hal_msp.o
 .debug_abbrev  0x0000000000000e50      0x1a1 ./Core/Src/stm32l1xx_it.o
 .debug_abbrev  0x0000000000000ff1      0x129 ./Core/Src/system_stm32l1xx.o
 .debug_abbrev  0x000000000000111a      0x468 ./Core/Src/tracker.o
 .debug_abbrev  0x0000000000001582      0x1a9 ./Core/Src/uart.o
 .debug_abbrev  0x000000000000172b      0x293 ./Core/Src/waveplayer.o
 .debug_abbrev  0x00000000000019be       0x12 ./Core/Startup/startup_stm32l152zctx.o
 .debug_abbrev  0x00000000000019d0      0x24b ./Drivers/STM32L1xx_HAL_Driver/Src/stm32l1xx_hal.o
 .debug_abbrev  0x0000000000001c1b      0x33c ./Drivers/STM32L1xx_HAL_Driver/Src/stm32l1xx_hal_cortex.o
 .debug_abbrev  0x0000000000001f57      0x203 ./Drivers/STM32L1xx_HAL_Driver/Src/stm32l1xx_hal_dac.o
 .debug_abbrev  0x000000000000215a      0x225 ./Drivers/STM32L1xx_HAL_Driver/Src/stm32l1xx_hal_dac_ex.o
 .debug_abbrev  0x000000000000237f      0x230 ./Drivers/STM32L1xx_HAL_Driver/Src/stm32l1xx_hal_dma.o
 .debug_abbrev  0x00000000000025af      0x1f1 ./Drivers/STM32L1xx_HAL_Driver/Src/stm32l1xx_hal_gpio.o
 .debug_abbrev  0x00000000000027a0      0x268 ./Drivers/STM32L1xx_HAL_Driver/Src/stm32l1xx_hal_rcc.o
 .debug_abbrev  0x0000000000002a08      0x26e ./Drivers/STM32L1xx_HAL_Driver/Src/stm32l1xx_hal_spi.o
 .debug_abbrev  0x0000000000002c76      0x26f ./Drivers/STM32L1xx_HAL_Driver/Src/stm32l1xx_hal_tim.o
 .debug_abbrev  0x0000000000002ee5      0x193 ./Drivers/STM32L1xx_HAL_Driver/Src/stm32l1xx_hal_tim_ex.o
 .debug_abbrev  0x0000000000003078      0x29c ./Drivers/STM32L1xx_HAL_Driver/Src/stm32l1xx_hal_uart.o
 .debug_abbrev  0x0000000000003314      0x209 ./FATFS/App/fatfs.o
 .debug_abbrev  0x000000000000351d      0x21d ./FATFS/Target/user_diskio.o
 .debug_abbrev  0x000000000000373a      0x344 ./FATFS/Target/user_diskio_spi.o
 .debug_abbrev  0x0000000000003a7e      0x237 ./Middlewares/Third_Party/FatFs/src/diskio.o
 .debug_abbrev  0x0000000000003cb5      0x2f0 ./Middlewares/Third_Party/FatFs/src/ff.o
 .debug_abbrev  0x0000000000003fa5      0x268 ./Middlewares/Third_Party/FatFs/src/ff_gen_drv.o

.debug_aranges  0x0000000000000000     0x15c8
 .debug_aranges
                0x0000000000000000       0x58 ./Core/Src/button.o
 .debug_aranges
                0x0000000000000058       0x78 ./Core/Src/leds.o
 .debug_aranges
                0x00000000000000d0       0x60 ./Core/Src/main.o
 .debug_aranges
                0x0000000000000130       0xc0 ./Core/Src/pathfinder.o
 .debug_aranges
                0x00000000000001f0       0x40 ./Core/Src/speaker.o
 .debug_aranges
                0x0000000000000230       0x60 ./Core/Src/stm32l1xx_hal_msp.o
 .debug_aranges
                0x0000000000000290       0x90 ./Core/Src/stm32l1xx_it.o
 .debug_aranges
                0x0000000000000320       0x28 ./Core/Src/system_stm32l1xx.o
 .debug_aranges
                0x0000000000000348      0x198 ./Core/Src/tracker.o
 .debug_aranges
                0x00000000000004e0       0x50 ./Core/Src/uart.o
 .debug_aranges
                0x0000000000000530       0x78 ./Core/Src/waveplayer.o
 .debug_aranges
                0x00000000000005a8       0x28 ./Core/Startup/startup_stm32l152zctx.o
 .debug_aranges
                0x00000000000005d0       0xe0 ./Drivers/STM32L1xx_HAL_Driver/Src/stm32l1xx_hal.o
 .debug_aranges
                0x00000000000006b0      0x118 ./Drivers/STM32L1xx_HAL_Driver/Src/stm32l1xx_hal_cortex.o
 .debug_aranges
                0x00000000000007c8       0xc0 ./Drivers/STM32L1xx_HAL_Driver/Src/stm32l1xx_hal_dac.o
 .debug_aranges
                0x0000000000000888       0x80 ./Drivers/STM32L1xx_HAL_Driver/Src/stm32l1xx_hal_dac_ex.o
 .debug_aranges
                0x0000000000000908       0x80 ./Drivers/STM32L1xx_HAL_Driver/Src/stm32l1xx_hal_dma.o
 .debug_aranges
                0x0000000000000988       0x58 ./Drivers/STM32L1xx_HAL_Driver/Src/stm32l1xx_hal_gpio.o
 .debug_aranges
                0x00000000000009e0       0x90 ./Drivers/STM32L1xx_HAL_Driver/Src/stm32l1xx_hal_rcc.o
 .debug_aranges
                0x0000000000000a70      0x1d0 ./Drivers/STM32L1xx_HAL_Driver/Src/stm32l1xx_hal_spi.o
 .debug_aranges
                0x0000000000000c40      0x3d0 ./Drivers/STM32L1xx_HAL_Driver/Src/stm32l1xx_hal_tim.o
 .debug_aranges
                0x0000000000001010       0x28 ./Drivers/STM32L1xx_HAL_Driver/Src/stm32l1xx_hal_tim_ex.o
 .debug_aranges
                0x0000000000001038      0x200 ./Drivers/STM32L1xx_HAL_Driver/Src/stm32l1xx_hal_uart.o
 .debug_aranges
                0x0000000000001238       0x28 ./FATFS/App/fatfs.o
 .debug_aranges
                0x0000000000001260       0x40 ./FATFS/Target/user_diskio.o
 .debug_aranges
                0x00000000000012a0       0x98 ./FATFS/Target/user_diskio_spi.o
 .debug_aranges
                0x0000000000001338       0x48 ./Middlewares/Third_Party/FatFs/src/diskio.o
 .debug_aranges
                0x0000000000001380      0x208 ./Middlewares/Third_Party/FatFs/src/ff.o
 .debug_aranges
                0x0000000000001588       0x40 ./Middlewares/Third_Party/FatFs/src/ff_gen_drv.o

.debug_ranges   0x0000000000000000     0x1448
 .debug_ranges  0x0000000000000000       0x48 ./Core/Src/button.o
 .debug_ranges  0x0000000000000048       0x68 ./Core/Src/leds.o
 .debug_ranges  0x00000000000000b0       0x50 ./Core/Src/main.o
 .debug_ranges  0x0000000000000100       0xb0 ./Core/Src/pathfinder.o
 .debug_ranges  0x00000000000001b0       0x30 ./Core/Src/speaker.o
 .debug_ranges  0x00000000000001e0       0x50 ./Core/Src/stm32l1xx_hal_msp.o
 .debug_ranges  0x0000000000000230       0x80 ./Core/Src/stm32l1xx_it.o
 .debug_ranges  0x00000000000002b0       0x18 ./Core/Src/system_stm32l1xx.o
 .debug_ranges  0x00000000000002c8      0x1a0 ./Core/Src/tracker.o
 .debug_ranges  0x0000000000000468       0x40 ./Core/Src/uart.o
 .debug_ranges  0x00000000000004a8       0x68 ./Core/Src/waveplayer.o
 .debug_ranges  0x0000000000000510       0x20 ./Core/Startup/startup_stm32l152zctx.o
 .debug_ranges  0x0000000000000530       0xd0 ./Drivers/STM32L1xx_HAL_Driver/Src/stm32l1xx_hal.o
 .debug_ranges  0x0000000000000600      0x108 ./Drivers/STM32L1xx_HAL_Driver/Src/stm32l1xx_hal_cortex.o
 .debug_ranges  0x0000000000000708       0xb0 ./Drivers/STM32L1xx_HAL_Driver/Src/stm32l1xx_hal_dac.o
 .debug_ranges  0x00000000000007b8       0x70 ./Drivers/STM32L1xx_HAL_Driver/Src/stm32l1xx_hal_dac_ex.o
 .debug_ranges  0x0000000000000828       0x70 ./Drivers/STM32L1xx_HAL_Driver/Src/stm32l1xx_hal_dma.o
 .debug_ranges  0x0000000000000898       0x48 ./Drivers/STM32L1xx_HAL_Driver/Src/stm32l1xx_hal_gpio.o
 .debug_ranges  0x00000000000008e0       0x80 ./Drivers/STM32L1xx_HAL_Driver/Src/stm32l1xx_hal_rcc.o
 .debug_ranges  0x0000000000000960      0x1c0 ./Drivers/STM32L1xx_HAL_Driver/Src/stm32l1xx_hal_spi.o
 .debug_ranges  0x0000000000000b20      0x3c0 ./Drivers/STM32L1xx_HAL_Driver/Src/stm32l1xx_hal_tim.o
 .debug_ranges  0x0000000000000ee0       0x18 ./Drivers/STM32L1xx_HAL_Driver/Src/stm32l1xx_hal_tim_ex.o
 .debug_ranges  0x0000000000000ef8      0x220 ./Drivers/STM32L1xx_HAL_Driver/Src/stm32l1xx_hal_uart.o
 .debug_ranges  0x0000000000001118       0x18 ./FATFS/App/fatfs.o
 .debug_ranges  0x0000000000001130       0x30 ./FATFS/Target/user_diskio.o
 .debug_ranges  0x0000000000001160       0x88 ./FATFS/Target/user_diskio_spi.o
 .debug_ranges  0x00000000000011e8       0x38 ./Middlewares/Third_Party/FatFs/src/diskio.o
 .debug_ranges  0x0000000000001220      0x1f8 ./Middlewares/Third_Party/FatFs/src/ff.o
 .debug_ranges  0x0000000000001418       0x30 ./Middlewares/Third_Party/FatFs/src/ff_gen_drv.o

.debug_macro    0x0000000000000000    0x19d76
 .debug_macro   0x0000000000000000      0x1e0 ./Core/Src/button.o
 .debug_macro   0x00000000000001e0      0xa9c ./Core/Src/button.o
 .debug_macro   0x0000000000000c7c      0x11e ./Core/Src/button.o
 .debug_macro   0x0000000000000d9a       0x2e ./Core/Src/button.o
 .debug_macro   0x0000000000000dc8       0x22 ./Core/Src/button.o
 .debug_macro   0x0000000000000dea       0x22 ./Core/Src/button.o
 .debug_macro   0x0000000000000e0c       0x8e ./Core/Src/button.o
 .debug_macro   0x0000000000000e9a       0x51 ./Core/Src/button.o
 .debug_macro   0x0000000000000eeb      0x103 ./Core/Src/button.o
 .debug_macro   0x0000000000000fee       0x6a ./Core/Src/button.o
 .debug_macro   0x0000000000001058      0x1df ./Core/Src/button.o
 .debug_macro   0x0000000000001237       0x1c ./Core/Src/button.o
 .debug_macro   0x0000000000001253       0x22 ./Core/Src/button.o
 .debug_macro   0x0000000000001275       0xc3 ./Core/Src/button.o
 .debug_macro   0x0000000000001338      0xe49 ./Core/Src/button.o
 .debug_macro   0x0000000000002181      0x11f ./Core/Src/button.o
 .debug_macro   0x00000000000022a0     0xb3cd ./Core/Src/button.o
 .debug_macro   0x000000000000d66d       0x6d ./Core/Src/button.o
 .debug_macro   0x000000000000d6da     0x34ca ./Core/Src/button.o
 .debug_macro   0x0000000000010ba4      0x174 ./Core/Src/button.o
 .debug_macro   0x0000000000010d18       0x5b ./Core/Src/button.o
 .debug_macro   0x0000000000010d73      0xe38 ./Core/Src/button.o
 .debug_macro   0x0000000000011bab      0x2cf ./Core/Src/button.o
 .debug_macro   0x0000000000011e7a      0x1b9 ./Core/Src/button.o
 .debug_macro   0x0000000000012033       0xb9 ./Core/Src/button.o
 .debug_macro   0x00000000000120ec      0x21e ./Core/Src/button.o
 .debug_macro   0x000000000001230a      0x236 ./Core/Src/button.o
 .debug_macro   0x0000000000012540      0x11b ./Core/Src/button.o
 .debug_macro   0x000000000001265b       0xa6 ./Core/Src/button.o
 .debug_macro   0x0000000000012701      0x10f ./Core/Src/button.o
 .debug_macro   0x0000000000012810      0x368 ./Core/Src/button.o
 .debug_macro   0x0000000000012b78      0x1e9 ./Core/Src/button.o
 .debug_macro   0x0000000000012d61       0x22 ./Core/Src/button.o
 .debug_macro   0x0000000000012d83      0x225 ./Core/Src/button.o
 .debug_macro   0x0000000000012fa8      0x76c ./Core/Src/button.o
 .debug_macro   0x0000000000013714       0xac ./Core/Src/button.o
 .debug_macro   0x00000000000137c0      0x295 ./Core/Src/button.o
 .debug_macro   0x0000000000013a55      0x170 ./Core/Src/button.o
 .debug_macro   0x0000000000013bc5      0x492 ./Core/Src/button.o
 .debug_macro   0x0000000000014057       0xd0 ./Core/Src/button.o
 .debug_macro   0x0000000000014127      0x23d ./Core/Src/leds.o
 .debug_macro   0x0000000000014364       0x52 ./Core/Src/leds.o
 .debug_macro   0x00000000000143b6       0x18 ./Core/Src/leds.o
 .debug_macro   0x00000000000143ce       0x3c ./Core/Src/leds.o
 .debug_macro   0x000000000001440a       0x3a ./Core/Src/leds.o
 .debug_macro   0x0000000000014444       0x35 ./Core/Src/leds.o
 .debug_macro   0x0000000000014479      0x460 ./Core/Src/leds.o
 .debug_macro   0x00000000000148d9       0x2e ./Core/Src/leds.o
 .debug_macro   0x0000000000014907       0x58 ./Core/Src/leds.o
 .debug_macro   0x000000000001495f      0x377 ./Core/Src/main.o
 .debug_macro   0x0000000000014cd6       0xca ./Core/Src/main.o
 .debug_macro   0x0000000000014da0       0xeb ./Core/Src/main.o
 .debug_macro   0x0000000000014e8b       0x34 ./Core/Src/main.o
 .debug_macro   0x0000000000014ebf       0x16 ./Core/Src/main.o
 .debug_macro   0x0000000000014ed5       0x16 ./Core/Src/main.o
 .debug_macro   0x0000000000014eeb       0x43 ./Core/Src/main.o
 .debug_macro   0x0000000000014f2e       0x34 ./Core/Src/main.o
 .debug_macro   0x0000000000014f62       0x10 ./Core/Src/main.o
 .debug_macro   0x0000000000014f72       0x58 ./Core/Src/main.o
 .debug_macro   0x0000000000014fca       0x71 ./Core/Src/main.o
 .debug_macro   0x000000000001503b       0x1c ./Core/Src/main.o
 .debug_macro   0x0000000000015057      0x12a ./Core/Src/main.o
 .debug_macro   0x0000000000015181      0x333 ./Core/Src/main.o
 .debug_macro   0x00000000000154b4       0x16 ./Core/Src/main.o
 .debug_macro   0x00000000000154ca       0x29 ./Core/Src/main.o
 .debug_macro   0x00000000000154f3       0x12 ./Core/Src/main.o
 .debug_macro   0x0000000000015505       0xe2 ./Core/Src/main.o
 .debug_macro   0x00000000000155e7       0x8e ./Core/Src/main.o
 .debug_macro   0x0000000000015675       0x10 ./Core/Src/main.o
 .debug_macro   0x0000000000015685       0x5e ./Core/Src/main.o
 .debug_macro   0x00000000000156e3       0x10 ./Core/Src/main.o
 .debug_macro   0x00000000000156f3       0x46 ./Core/Src/main.o
 .debug_macro   0x0000000000015739      0x2f0 ./Core/Src/pathfinder.o
 .debug_macro   0x0000000000015a29       0x4c ./Core/Src/pathfinder.o
 .debug_macro   0x0000000000015a75       0x94 ./Core/Src/pathfinder.o
 .debug_macro   0x0000000000015b09       0x57 ./Core/Src/pathfinder.o
 .debug_macro   0x0000000000015b60       0x82 ./Core/Src/pathfinder.o
 .debug_macro   0x0000000000015be2      0x104 ./Core/Src/pathfinder.o
 .debug_macro   0x0000000000015ce6      0x1dc ./Core/Src/speaker.o
 .debug_macro   0x0000000000015ec2       0x58 ./Core/Src/speaker.o
 .debug_macro   0x0000000000015f1a      0x1dc ./Core/Src/stm32l1xx_hal_msp.o
 .debug_macro   0x00000000000160f6      0x1e6 ./Core/Src/stm32l1xx_it.o
 .debug_macro   0x00000000000162dc      0x1cd ./Core/Src/system_stm32l1xx.o
 .debug_macro   0x00000000000164a9      0x390 ./Core/Src/tracker.o
 .debug_macro   0x0000000000016839      0x1a9 ./Core/Src/tracker.o
 .debug_macro   0x00000000000169e2       0xbd ./Core/Src/tracker.o
 .debug_macro   0x0000000000016a9f       0x55 ./Core/Src/tracker.o
 .debug_macro   0x0000000000016af4       0x5e ./Core/Src/tracker.o
 .debug_macro   0x0000000000016b52       0xe5 ./Core/Src/tracker.o
 .debug_macro   0x0000000000016c37      0x1d7 ./Core/Src/uart.o
 .debug_macro   0x0000000000016e0e      0x370 ./Core/Src/waveplayer.o
 .debug_macro   0x000000000001717e       0x16 ./Core/Src/waveplayer.o
 .debug_macro   0x0000000000017194       0x20 ./Core/Src/waveplayer.o
 .debug_macro   0x00000000000171b4      0x1f1 ./Drivers/STM32L1xx_HAL_Driver/Src/stm32l1xx_hal.o
 .debug_macro   0x00000000000173a5      0x1cd ./Drivers/STM32L1xx_HAL_Driver/Src/stm32l1xx_hal_cortex.o
 .debug_macro   0x0000000000017572      0x1ce ./Drivers/STM32L1xx_HAL_Driver/Src/stm32l1xx_hal_dac.o
 .debug_macro   0x0000000000017740      0x1cd ./Drivers/STM32L1xx_HAL_Driver/Src/stm32l1xx_hal_dac_ex.o
 .debug_macro   0x000000000001790d      0x1cd ./Drivers/STM32L1xx_HAL_Driver/Src/stm32l1xx_hal_dma.o
 .debug_macro   0x0000000000017ada      0x1d4 ./Drivers/STM32L1xx_HAL_Driver/Src/stm32l1xx_hal_gpio.o
 .debug_macro   0x0000000000017cae      0x1df ./Drivers/STM32L1xx_HAL_Driver/Src/stm32l1xx_hal_rcc.o
 .debug_macro   0x0000000000017e8d      0x1dc ./Drivers/STM32L1xx_HAL_Driver/Src/stm32l1xx_hal_spi.o
 .debug_macro   0x0000000000018069      0x1ce ./Drivers/STM32L1xx_HAL_Driver/Src/stm32l1xx_hal_tim.o
 .debug_macro   0x0000000000018237      0x1cd ./Drivers/STM32L1xx_HAL_Driver/Src/stm32l1xx_hal_tim_ex.o
 .debug_macro   0x0000000000018404      0x1ce ./Drivers/STM32L1xx_HAL_Driver/Src/stm32l1xx_hal_uart.o
 .debug_macro   0x00000000000185d2      0x301 ./FATFS/App/fatfs.o
 .debug_macro   0x00000000000188d3      0x330 ./FATFS/Target/user_diskio.o
 .debug_macro   0x0000000000018c03       0x10 ./FATFS/Target/user_diskio.o
 .debug_macro   0x0000000000018c13       0x16 ./FATFS/Target/user_diskio.o
 .debug_macro   0x0000000000018c29       0x7c ./FATFS/Target/user_diskio.o
 .debug_macro   0x0000000000018ca5      0x3a8 ./FATFS/Target/user_diskio_spi.o
 .debug_macro   0x000000000001904d      0x2ee ./Middlewares/Third_Party/FatFs/src/diskio.o
 .debug_macro   0x000000000001933b      0x6f5 ./Middlewares/Third_Party/FatFs/src/ff.o
 .debug_macro   0x0000000000019a30       0x58 ./Middlewares/Third_Party/FatFs/src/ff.o
 .debug_macro   0x0000000000019a88      0x2ee ./Middlewares/Third_Party/FatFs/src/ff_gen_drv.o

.debug_line     0x0000000000000000    0x1a0d9
 .debug_line    0x0000000000000000      0x7ac ./Core/Src/button.o
 .debug_line    0x00000000000007ac      0xa81 ./Core/Src/leds.o
 .debug_line    0x000000000000122d      0xc09 ./Core/Src/main.o
 .debug_line    0x0000000000001e36     0x11c8 ./Core/Src/pathfinder.o
 .debug_line    0x0000000000002ffe      0x790 ./Core/Src/speaker.o
 .debug_line    0x000000000000378e      0x915 ./Core/Src/stm32l1xx_hal_msp.o
 .debug_line    0x00000000000040a3      0x849 ./Core/Src/stm32l1xx_it.o
 .debug_line    0x00000000000048ec      0x794 ./Core/Src/system_stm32l1xx.o
 .debug_line    0x0000000000005080     0x1785 ./Core/Src/tracker.o
 .debug_line    0x0000000000006805      0x7a4 ./Core/Src/uart.o
 .debug_line    0x0000000000006fa9      0xafe ./Core/Src/waveplayer.o
 .debug_line    0x0000000000007aa7       0x87 ./Core/Startup/startup_stm32l152zctx.o
 .debug_line    0x0000000000007b2e      0x9b9 ./Drivers/STM32L1xx_HAL_Driver/Src/stm32l1xx_hal.o
 .debug_line    0x00000000000084e7      0xc86 ./Drivers/STM32L1xx_HAL_Driver/Src/stm32l1xx_hal_cortex.o
 .debug_line    0x000000000000916d      0xb28 ./Drivers/STM32L1xx_HAL_Driver/Src/stm32l1xx_hal_dac.o
 .debug_line    0x0000000000009c95      0x91d ./Drivers/STM32L1xx_HAL_Driver/Src/stm32l1xx_hal_dac_ex.o
 .debug_line    0x000000000000a5b2      0xc42 ./Drivers/STM32L1xx_HAL_Driver/Src/stm32l1xx_hal_dma.o
 .debug_line    0x000000000000b1f4      0xa33 ./Drivers/STM32L1xx_HAL_Driver/Src/stm32l1xx_hal_gpio.o
 .debug_line    0x000000000000bc27      0xec0 ./Drivers/STM32L1xx_HAL_Driver/Src/stm32l1xx_hal_rcc.o
 .debug_line    0x000000000000cae7     0x1c65 ./Drivers/STM32L1xx_HAL_Driver/Src/stm32l1xx_hal_spi.o
 .debug_line    0x000000000000e74c     0x2e6d ./Drivers/STM32L1xx_HAL_Driver/Src/stm32l1xx_hal_tim.o